Archive member included to satisfy reference by file (symbol)

/Applications/ARM/bin/../lib/gcc/arm-none-eabi/10.3.1/../../../../arm-none-eabi/lib/thumb/v7-m/nofp/libc_nano.a(lib_a-exit.o)
                              /Applications/ARM/bin/../lib/gcc/arm-none-eabi/10.3.1/../../../../arm-none-eabi/lib/thumb/v7-m/nofp/crt0.o (exit)
/Applications/ARM/bin/../lib/gcc/arm-none-eabi/10.3.1/../../../../arm-none-eabi/lib/thumb/v7-m/nofp/libc_nano.a(lib_a-impure.o)
                              /Applications/ARM/bin/../lib/gcc/arm-none-eabi/10.3.1/../../../../arm-none-eabi/lib/thumb/v7-m/nofp/libc_nano.a(lib_a-exit.o) (_global_impure_ptr)
/Applications/ARM/bin/../lib/gcc/arm-none-eabi/10.3.1/../../../../arm-none-eabi/lib/thumb/v7-m/nofp/libc_nano.a(lib_a-init.o)
                              /Applications/ARM/bin/../lib/gcc/arm-none-eabi/10.3.1/../../../../arm-none-eabi/lib/thumb/v7-m/nofp/crt0.o (__libc_init_array)
/Applications/ARM/bin/../lib/gcc/arm-none-eabi/10.3.1/../../../../arm-none-eabi/lib/thumb/v7-m/nofp/libc_nano.a(lib_a-memset.o)
                              /Applications/ARM/bin/../lib/gcc/arm-none-eabi/10.3.1/../../../../arm-none-eabi/lib/thumb/v7-m/nofp/crt0.o (memset)
/Applications/ARM/bin/../lib/gcc/arm-none-eabi/10.3.1/../../../../arm-none-eabi/lib/thumb/v7-m/nofp/libnosys.a(_exit.o)
                              /Applications/ARM/bin/../lib/gcc/arm-none-eabi/10.3.1/../../../../arm-none-eabi/lib/thumb/v7-m/nofp/libc_nano.a(lib_a-exit.o) (_exit)

Discarded input sections

 .text          0x0000000000000000        0x0 /Applications/ARM/bin/../lib/gcc/arm-none-eabi/10.3.1/thumb/v7-m/nofp/crti.o
 .data          0x0000000000000000        0x0 /Applications/ARM/bin/../lib/gcc/arm-none-eabi/10.3.1/thumb/v7-m/nofp/crti.o
 .bss           0x0000000000000000        0x0 /Applications/ARM/bin/../lib/gcc/arm-none-eabi/10.3.1/thumb/v7-m/nofp/crti.o
 .data          0x0000000000000000        0x4 /Applications/ARM/bin/../lib/gcc/arm-none-eabi/10.3.1/thumb/v7-m/nofp/crtbegin.o
 .rodata        0x0000000000000000       0x24 /Applications/ARM/bin/../lib/gcc/arm-none-eabi/10.3.1/thumb/v7-m/nofp/crtbegin.o
 .text          0x0000000000000000       0x7c /Applications/ARM/bin/../lib/gcc/arm-none-eabi/10.3.1/../../../../arm-none-eabi/lib/thumb/v7-m/nofp/crt0.o
 .data          0x0000000000000000        0x0 /Applications/ARM/bin/../lib/gcc/arm-none-eabi/10.3.1/../../../../arm-none-eabi/lib/thumb/v7-m/nofp/crt0.o
 .bss           0x0000000000000000        0x0 /Applications/ARM/bin/../lib/gcc/arm-none-eabi/10.3.1/../../../../arm-none-eabi/lib/thumb/v7-m/nofp/crt0.o
 .ARM.extab     0x0000000000000000        0x0 /Applications/ARM/bin/../lib/gcc/arm-none-eabi/10.3.1/../../../../arm-none-eabi/lib/thumb/v7-m/nofp/crt0.o
 .ARM.exidx     0x0000000000000000       0x10 /Applications/ARM/bin/../lib/gcc/arm-none-eabi/10.3.1/../../../../arm-none-eabi/lib/thumb/v7-m/nofp/crt0.o
 .ARM.attributes
                0x0000000000000000       0x1b /Applications/ARM/bin/../lib/gcc/arm-none-eabi/10.3.1/../../../../arm-none-eabi/lib/thumb/v7-m/nofp/crt0.o
 .text          0x0000000000000000        0x0 dbg/bsp.o
 .data          0x0000000000000000        0x0 dbg/bsp.o
 .bss           0x0000000000000000        0x0 dbg/bsp.o
 .text.BSP_randomSeed
                0x0000000000000000        0xc dbg/bsp.o
 .text.BSP_terminate
                0x0000000000000000        0x2 dbg/bsp.o
 .text.QF_onCleanup
                0x0000000000000000        0x2 dbg/bsp.o
 .text          0x0000000000000000        0x0 dbg/main.o
 .data          0x0000000000000000        0x0 dbg/main.o
 .bss           0x0000000000000000        0x0 dbg/main.o
 .text          0x0000000000000000        0x0 dbg/philo.o
 .data          0x0000000000000000        0x0 dbg/philo.o
 .bss           0x0000000000000000        0x0 dbg/philo.o
 .text          0x0000000000000000        0x0 dbg/table.o
 .data          0x0000000000000000        0x0 dbg/table.o
 .bss           0x0000000000000000        0x0 dbg/table.o
 .text          0x0000000000000000        0x0 dbg/system_stm32l1xx.o
 .data          0x0000000000000000        0x0 dbg/system_stm32l1xx.o
 .bss           0x0000000000000000        0x0 dbg/system_stm32l1xx.o
 .text          0x0000000000000000        0x0 dbg/startup_stm32l1xx.o
 .data          0x0000000000000000        0x0 dbg/startup_stm32l1xx.o
 .bss           0x0000000000000000        0x0 dbg/startup_stm32l1xx.o
 .text          0x0000000000000000        0x0 dbg/qep_hsm.o
 .data          0x0000000000000000        0x0 dbg/qep_hsm.o
 .bss           0x0000000000000000        0x0 dbg/qep_hsm.o
 .text.QHsm_isIn
                0x0000000000000000       0x40 dbg/qep_hsm.o
 .text.QHsm_childState_
                0x0000000000000000       0x3c dbg/qep_hsm.o
 .rodata.QP_versionStr
                0x0000000000000000        0x7 dbg/qep_hsm.o
 .text          0x0000000000000000        0x0 dbg/qep_msm.o
 .data          0x0000000000000000        0x0 dbg/qep_msm.o
 .bss           0x0000000000000000        0x0 dbg/qep_msm.o
 .text.QMsm_execTatbl_
                0x0000000000000000       0x3c dbg/qep_msm.o
 .text.QMsm_init_
                0x0000000000000000       0x48 dbg/qep_msm.o
 .text.QMsm_exitToTranSource_
                0x0000000000000000       0x34 dbg/qep_msm.o
 .text.QMsm_dispatch_
                0x0000000000000000      0x168 dbg/qep_msm.o
 .text.QMsm_ctor
                0x0000000000000000       0x14 dbg/qep_msm.o
 .text.QMsm_isInState
                0x0000000000000000       0x20 dbg/qep_msm.o
 .text.QMsm_childStateObj_
                0x0000000000000000       0x28 dbg/qep_msm.o
 .rodata.Q_this_module_
                0x0000000000000000        0x8 dbg/qep_msm.o
 .rodata.l_msm_top_s
                0x0000000000000000       0x14 dbg/qep_msm.o
 .rodata.vtable.0
                0x0000000000000000        0x8 dbg/qep_msm.o
 .debug_info    0x0000000000000000      0xaf8 dbg/qep_msm.o
 .debug_abbrev  0x0000000000000000      0x381 dbg/qep_msm.o
 .debug_loc     0x0000000000000000      0x6e3 dbg/qep_msm.o
 .debug_aranges
                0x0000000000000000       0x50 dbg/qep_msm.o
 .debug_ranges  0x0000000000000000       0x80 dbg/qep_msm.o
 .debug_line    0x0000000000000000      0x5f2 dbg/qep_msm.o
 .debug_str     0x0000000000000000      0x461 dbg/qep_msm.o
 .comment       0x0000000000000000       0x4a dbg/qep_msm.o
 .debug_frame   0x0000000000000000       0xc8 dbg/qep_msm.o
 .ARM.attributes
                0x0000000000000000       0x2d dbg/qep_msm.o
 .text          0x0000000000000000        0x0 dbg/qf_act.o
 .data          0x0000000000000000        0x0 dbg/qf_act.o
 .bss           0x0000000000000000        0x0 dbg/qf_act.o
 .text.QF_remove_
                0x0000000000000000       0x40 dbg/qf_act.o
 .text          0x0000000000000000        0x0 dbg/qf_actq.o
 .data          0x0000000000000000        0x0 dbg/qf_actq.o
 .bss           0x0000000000000000        0x0 dbg/qf_actq.o
 .text.QTicker_init_
                0x0000000000000000        0x6 dbg/qf_actq.o
 .text.QTicker_post_
                0x0000000000000000       0x4c dbg/qf_actq.o
 .text.QTicker_postLIFO_
                0x0000000000000000       0x10 dbg/qf_actq.o
 .text.QTicker_dispatch_
                0x0000000000000000       0x2c dbg/qf_actq.o
 .text.QF_getQueueMin
                0x0000000000000000       0x34 dbg/qf_actq.o
 .text.QTicker_ctor
                0x0000000000000000       0x1c dbg/qf_actq.o
 .rodata.tickEvt.0
                0x0000000000000000        0x4 dbg/qf_actq.o
 .rodata.vtable.1
                0x0000000000000000       0x14 dbg/qf_actq.o
 .text          0x0000000000000000        0x0 dbg/qf_defer.o
 .data          0x0000000000000000        0x0 dbg/qf_defer.o
 .bss           0x0000000000000000        0x0 dbg/qf_defer.o
 .text.QActive_defer
                0x0000000000000000       0x12 dbg/qf_defer.o
 .text.QActive_recall
                0x0000000000000000       0x58 dbg/qf_defer.o
 .text.QActive_flushDeferred
                0x0000000000000000       0x2c dbg/qf_defer.o
 .rodata.Q_this_module_
                0x0000000000000000        0x9 dbg/qf_defer.o
 .debug_info    0x0000000000000000      0x76d dbg/qf_defer.o
 .debug_abbrev  0x0000000000000000      0x21f dbg/qf_defer.o
 .debug_loc     0x0000000000000000      0x202 dbg/qf_defer.o
 .debug_aranges
                0x0000000000000000       0x30 dbg/qf_defer.o
 .debug_ranges  0x0000000000000000       0x20 dbg/qf_defer.o
 .debug_line    0x0000000000000000      0x24d dbg/qf_defer.o
 .debug_str     0x0000000000000000      0x3b4 dbg/qf_defer.o
 .comment       0x0000000000000000       0x4a dbg/qf_defer.o
 .debug_frame   0x0000000000000000       0x60 dbg/qf_defer.o
 .ARM.attributes
                0x0000000000000000       0x2d dbg/qf_defer.o
 .text          0x0000000000000000        0x0 dbg/qf_dyn.o
 .data          0x0000000000000000        0x0 dbg/qf_dyn.o
 .bss           0x0000000000000000        0x0 dbg/qf_dyn.o
 .text.QF_newRef_
                0x0000000000000000       0x30 dbg/qf_dyn.o
 .text.QF_deleteRef_
                0x0000000000000000        0x8 dbg/qf_dyn.o
 .text.QF_poolGetMaxBlockSize
                0x0000000000000000       0x1c dbg/qf_dyn.o
 .text          0x0000000000000000        0x0 dbg/qf_mem.o
 .data          0x0000000000000000        0x0 dbg/qf_mem.o
 .bss           0x0000000000000000        0x0 dbg/qf_mem.o
 .text.QF_getPoolMin
                0x0000000000000000       0x44 dbg/qf_mem.o
 .text          0x0000000000000000        0x0 dbg/qf_ps.o
 .data          0x0000000000000000        0x0 dbg/qf_ps.o
 .bss           0x0000000000000000        0x0 dbg/qf_ps.o
 .text.QActive_unsubscribe
                0x0000000000000000       0x68 dbg/qf_ps.o
 .text.QActive_unsubscribeAll
                0x0000000000000000       0x7c dbg/qf_ps.o
 .text          0x0000000000000000        0x0 dbg/qf_qact.o
 .data          0x0000000000000000        0x0 dbg/qf_qact.o
 .bss           0x0000000000000000        0x0 dbg/qf_qact.o
 .text          0x0000000000000000        0x0 dbg/qf_qeq.o
 .data          0x0000000000000000        0x0 dbg/qf_qeq.o
 .bss           0x0000000000000000        0x0 dbg/qf_qeq.o
 .text.QEQueue_post
                0x0000000000000000       0x8c dbg/qf_qeq.o
 .text.QEQueue_postLIFO
                0x0000000000000000       0x70 dbg/qf_qeq.o
 .text.QEQueue_get
                0x0000000000000000       0x64 dbg/qf_qeq.o
 .rodata.Q_this_module_
                0x0000000000000000        0x7 dbg/qf_qeq.o
 .text          0x0000000000000000        0x0 dbg/qf_qmact.o
 .data          0x0000000000000000        0x0 dbg/qf_qmact.o
 .bss           0x0000000000000000        0x0 dbg/qf_qmact.o
 .text.QMActive_ctor
                0x0000000000000000       0x20 dbg/qf_qmact.o
 .rodata.vtable.0
                0x0000000000000000       0x14 dbg/qf_qmact.o
 .debug_info    0x0000000000000000      0x61f dbg/qf_qmact.o
 .debug_abbrev  0x0000000000000000      0x1e0 dbg/qf_qmact.o
 .debug_loc     0x0000000000000000       0x64 dbg/qf_qmact.o
 .debug_aranges
                0x0000000000000000       0x20 dbg/qf_qmact.o
 .debug_ranges  0x0000000000000000       0x10 dbg/qf_qmact.o
 .debug_line    0x0000000000000000      0x161 dbg/qf_qmact.o
 .debug_str     0x0000000000000000      0x378 dbg/qf_qmact.o
 .comment       0x0000000000000000       0x4a dbg/qf_qmact.o
 .debug_frame   0x0000000000000000       0x2c dbg/qf_qmact.o
 .ARM.attributes
                0x0000000000000000       0x2d dbg/qf_qmact.o
 .text          0x0000000000000000        0x0 dbg/qf_time.o
 .data          0x0000000000000000        0x0 dbg/qf_time.o
 .bss           0x0000000000000000        0x0 dbg/qf_time.o
 .text.QF_noTimeEvtsActiveX
                0x0000000000000000       0x24 dbg/qf_time.o
 .text.QTimeEvt_rearm
                0x0000000000000000       0x6c dbg/qf_time.o
 .text.QTimeEvt_wasDisarmed
                0x0000000000000000       0x10 dbg/qf_time.o
 .text.QTimeEvt_currCtr
                0x0000000000000000       0x16 dbg/qf_time.o
 .text          0x0000000000000000        0x0 dbg/qv.o
 .data          0x0000000000000000        0x0 dbg/qv.o
 .bss           0x0000000000000000        0x0 dbg/qv.o
 .text.QF_stop  0x0000000000000000        0x8 dbg/qv.o
 .text          0x0000000000000000        0x0 dbg/qv_port.o
 .data          0x0000000000000000        0x0 dbg/qv_port.o
 .bss           0x0000000000000000        0x0 dbg/qv_port.o
 .text          0x0000000000000000        0x0 dbg/qstamp.o
 .data          0x0000000000000000        0x0 dbg/qstamp.o
 .bss           0x0000000000000000        0x0 dbg/qstamp.o
 .rodata.Q_BUILD_DATE
                0x0000000000000000        0xc dbg/qstamp.o
 .rodata.Q_BUILD_TIME
                0x0000000000000000        0x9 dbg/qstamp.o
 .debug_info    0x0000000000000000       0x8f dbg/qstamp.o
 .debug_abbrev  0x0000000000000000       0x56 dbg/qstamp.o
 .debug_aranges
                0x0000000000000000       0x18 dbg/qstamp.o
 .debug_line    0x0000000000000000       0x54 dbg/qstamp.o
 .debug_str     0x0000000000000000      0x118 dbg/qstamp.o
 .comment       0x0000000000000000       0x4a dbg/qstamp.o
 .ARM.attributes
                0x0000000000000000       0x33 dbg/qstamp.o
 .text          0x0000000000000000        0x0 /Applications/ARM/bin/../lib/gcc/arm-none-eabi/10.3.1/../../../../arm-none-eabi/lib/thumb/v7-m/nofp/libc_nano.a(lib_a-exit.o)
 .data          0x0000000000000000        0x0 /Applications/ARM/bin/../lib/gcc/arm-none-eabi/10.3.1/../../../../arm-none-eabi/lib/thumb/v7-m/nofp/libc_nano.a(lib_a-exit.o)
 .bss           0x0000000000000000        0x0 /Applications/ARM/bin/../lib/gcc/arm-none-eabi/10.3.1/../../../../arm-none-eabi/lib/thumb/v7-m/nofp/libc_nano.a(lib_a-exit.o)
 .text.exit     0x0000000000000000       0x28 /Applications/ARM/bin/../lib/gcc/arm-none-eabi/10.3.1/../../../../arm-none-eabi/lib/thumb/v7-m/nofp/libc_nano.a(lib_a-exit.o)
 .debug_frame   0x0000000000000000       0x28 /Applications/ARM/bin/../lib/gcc/arm-none-eabi/10.3.1/../../../../arm-none-eabi/lib/thumb/v7-m/nofp/libc_nano.a(lib_a-exit.o)
 .ARM.attributes
                0x0000000000000000       0x2d /Applications/ARM/bin/../lib/gcc/arm-none-eabi/10.3.1/../../../../arm-none-eabi/lib/thumb/v7-m/nofp/libc_nano.a(lib_a-exit.o)
 .text          0x0000000000000000        0x0 /Applications/ARM/bin/../lib/gcc/arm-none-eabi/10.3.1/../../../../arm-none-eabi/lib/thumb/v7-m/nofp/libc_nano.a(lib_a-impure.o)
 .data          0x0000000000000000        0x0 /Applications/ARM/bin/../lib/gcc/arm-none-eabi/10.3.1/../../../../arm-none-eabi/lib/thumb/v7-m/nofp/libc_nano.a(lib_a-impure.o)
 .bss           0x0000000000000000        0x0 /Applications/ARM/bin/../lib/gcc/arm-none-eabi/10.3.1/../../../../arm-none-eabi/lib/thumb/v7-m/nofp/libc_nano.a(lib_a-impure.o)
 .data._impure_ptr
                0x0000000000000000        0x4 /Applications/ARM/bin/../lib/gcc/arm-none-eabi/10.3.1/../../../../arm-none-eabi/lib/thumb/v7-m/nofp/libc_nano.a(lib_a-impure.o)
 .data.impure_data
                0x0000000000000000       0x60 /Applications/ARM/bin/../lib/gcc/arm-none-eabi/10.3.1/../../../../arm-none-eabi/lib/thumb/v7-m/nofp/libc_nano.a(lib_a-impure.o)
 .rodata._global_impure_ptr
                0x0000000000000000        0x4 /Applications/ARM/bin/../lib/gcc/arm-none-eabi/10.3.1/../../../../arm-none-eabi/lib/thumb/v7-m/nofp/libc_nano.a(lib_a-impure.o)
 .ARM.attributes
                0x0000000000000000       0x2d /Applications/ARM/bin/../lib/gcc/arm-none-eabi/10.3.1/../../../../arm-none-eabi/lib/thumb/v7-m/nofp/libc_nano.a(lib_a-impure.o)
 .text          0x0000000000000000        0x0 /Applications/ARM/bin/../lib/gcc/arm-none-eabi/10.3.1/../../../../arm-none-eabi/lib/thumb/v7-m/nofp/libc_nano.a(lib_a-init.o)
 .data          0x0000000000000000        0x0 /Applications/ARM/bin/../lib/gcc/arm-none-eabi/10.3.1/../../../../arm-none-eabi/lib/thumb/v7-m/nofp/libc_nano.a(lib_a-init.o)
 .bss           0x0000000000000000        0x0 /Applications/ARM/bin/../lib/gcc/arm-none-eabi/10.3.1/../../../../arm-none-eabi/lib/thumb/v7-m/nofp/libc_nano.a(lib_a-init.o)
 .text.__libc_init_array
                0x0000000000000000       0x48 /Applications/ARM/bin/../lib/gcc/arm-none-eabi/10.3.1/../../../../arm-none-eabi/lib/thumb/v7-m/nofp/libc_nano.a(lib_a-init.o)
 .debug_frame   0x0000000000000000       0x2c /Applications/ARM/bin/../lib/gcc/arm-none-eabi/10.3.1/../../../../arm-none-eabi/lib/thumb/v7-m/nofp/libc_nano.a(lib_a-init.o)
 .ARM.attributes
                0x0000000000000000       0x2d /Applications/ARM/bin/../lib/gcc/arm-none-eabi/10.3.1/../../../../arm-none-eabi/lib/thumb/v7-m/nofp/libc_nano.a(lib_a-init.o)
 .text          0x0000000000000000        0x0 /Applications/ARM/bin/../lib/gcc/arm-none-eabi/10.3.1/../../../../arm-none-eabi/lib/thumb/v7-m/nofp/libc_nano.a(lib_a-memset.o)
 .data          0x0000000000000000        0x0 /Applications/ARM/bin/../lib/gcc/arm-none-eabi/10.3.1/../../../../arm-none-eabi/lib/thumb/v7-m/nofp/libc_nano.a(lib_a-memset.o)
 .bss           0x0000000000000000        0x0 /Applications/ARM/bin/../lib/gcc/arm-none-eabi/10.3.1/../../../../arm-none-eabi/lib/thumb/v7-m/nofp/libc_nano.a(lib_a-memset.o)
 .text.memset   0x0000000000000000       0x10 /Applications/ARM/bin/../lib/gcc/arm-none-eabi/10.3.1/../../../../arm-none-eabi/lib/thumb/v7-m/nofp/libc_nano.a(lib_a-memset.o)
 .debug_frame   0x0000000000000000       0x20 /Applications/ARM/bin/../lib/gcc/arm-none-eabi/10.3.1/../../../../arm-none-eabi/lib/thumb/v7-m/nofp/libc_nano.a(lib_a-memset.o)
 .ARM.attributes
                0x0000000000000000       0x2d /Applications/ARM/bin/../lib/gcc/arm-none-eabi/10.3.1/../../../../arm-none-eabi/lib/thumb/v7-m/nofp/libc_nano.a(lib_a-memset.o)
 .text          0x0000000000000000        0x0 /Applications/ARM/bin/../lib/gcc/arm-none-eabi/10.3.1/../../../../arm-none-eabi/lib/thumb/v7-m/nofp/libnosys.a(_exit.o)
 .data          0x0000000000000000        0x0 /Applications/ARM/bin/../lib/gcc/arm-none-eabi/10.3.1/../../../../arm-none-eabi/lib/thumb/v7-m/nofp/libnosys.a(_exit.o)
 .bss           0x0000000000000000        0x0 /Applications/ARM/bin/../lib/gcc/arm-none-eabi/10.3.1/../../../../arm-none-eabi/lib/thumb/v7-m/nofp/libnosys.a(_exit.o)
 .text._exit    0x0000000000000000        0x4 /Applications/ARM/bin/../lib/gcc/arm-none-eabi/10.3.1/../../../../arm-none-eabi/lib/thumb/v7-m/nofp/libnosys.a(_exit.o)
 .debug_frame   0x0000000000000000       0x20 /Applications/ARM/bin/../lib/gcc/arm-none-eabi/10.3.1/../../../../arm-none-eabi/lib/thumb/v7-m/nofp/libnosys.a(_exit.o)
 .ARM.attributes
                0x0000000000000000       0x2d /Applications/ARM/bin/../lib/gcc/arm-none-eabi/10.3.1/../../../../arm-none-eabi/lib/thumb/v7-m/nofp/libnosys.a(_exit.o)
 .text          0x0000000000000000        0x0 /Applications/ARM/bin/../lib/gcc/arm-none-eabi/10.3.1/thumb/v7-m/nofp/crtend.o
 .data          0x0000000000000000        0x0 /Applications/ARM/bin/../lib/gcc/arm-none-eabi/10.3.1/thumb/v7-m/nofp/crtend.o
 .bss           0x0000000000000000        0x0 /Applications/ARM/bin/../lib/gcc/arm-none-eabi/10.3.1/thumb/v7-m/nofp/crtend.o
 .rodata        0x0000000000000000       0x24 /Applications/ARM/bin/../lib/gcc/arm-none-eabi/10.3.1/thumb/v7-m/nofp/crtend.o
 .eh_frame      0x0000000000000000        0x4 /Applications/ARM/bin/../lib/gcc/arm-none-eabi/10.3.1/thumb/v7-m/nofp/crtend.o
 .ARM.attributes
                0x0000000000000000       0x2d /Applications/ARM/bin/../lib/gcc/arm-none-eabi/10.3.1/thumb/v7-m/nofp/crtend.o
 .text          0x0000000000000000        0x0 /Applications/ARM/bin/../lib/gcc/arm-none-eabi/10.3.1/thumb/v7-m/nofp/crtn.o
 .data          0x0000000000000000        0x0 /Applications/ARM/bin/../lib/gcc/arm-none-eabi/10.3.1/thumb/v7-m/nofp/crtn.o
 .bss           0x0000000000000000        0x0 /Applications/ARM/bin/../lib/gcc/arm-none-eabi/10.3.1/thumb/v7-m/nofp/crtn.o

Memory Configuration

Name             Origin             Length             Attributes
ROM              0x0000000008000000 0x0000000000080000 xr
RAM              0x0000000020000000 0x0000000000014000 xrw
*default*        0x0000000000000000 0xffffffffffffffff

Linker script and memory map

LOAD /Applications/ARM/bin/../lib/gcc/arm-none-eabi/10.3.1/thumb/v7-m/nofp/crti.o
LOAD /Applications/ARM/bin/../lib/gcc/arm-none-eabi/10.3.1/thumb/v7-m/nofp/crtbegin.o
LOAD /Applications/ARM/bin/../lib/gcc/arm-none-eabi/10.3.1/../../../../arm-none-eabi/lib/thumb/v7-m/nofp/crt0.o
LOAD dbg/bsp.o
LOAD dbg/main.o
LOAD dbg/philo.o
LOAD dbg/table.o
LOAD dbg/system_stm32l1xx.o
LOAD dbg/startup_stm32l1xx.o
LOAD dbg/qep_hsm.o
LOAD dbg/qep_msm.o
LOAD dbg/qf_act.o
LOAD dbg/qf_actq.o
LOAD dbg/qf_defer.o
LOAD dbg/qf_dyn.o
LOAD dbg/qf_mem.o
LOAD dbg/qf_ps.o
LOAD dbg/qf_qact.o
LOAD dbg/qf_qeq.o
LOAD dbg/qf_qmact.o
LOAD dbg/qf_time.o
LOAD dbg/qv.o
LOAD dbg/qv_port.o
LOAD dbg/qstamp.o
START GROUP
LOAD /Applications/ARM/bin/../lib/gcc/arm-none-eabi/10.3.1/thumb/v7-m/nofp/libgcc.a
LOAD /Applications/ARM/bin/../lib/gcc/arm-none-eabi/10.3.1/../../../../arm-none-eabi/lib/thumb/v7-m/nofp/libc_nano.a
END GROUP
START GROUP
LOAD /Applications/ARM/bin/../lib/gcc/arm-none-eabi/10.3.1/thumb/v7-m/nofp/libgcc.a
LOAD /Applications/ARM/bin/../lib/gcc/arm-none-eabi/10.3.1/../../../../arm-none-eabi/lib/thumb/v7-m/nofp/libc_nano.a
LOAD /Applications/ARM/bin/../lib/gcc/arm-none-eabi/10.3.1/../../../../arm-none-eabi/lib/thumb/v7-m/nofp/libnosys.a
END GROUP
START GROUP
LOAD /Applications/ARM/bin/../lib/gcc/arm-none-eabi/10.3.1/thumb/v7-m/nofp/libgcc.a
LOAD /Applications/ARM/bin/../lib/gcc/arm-none-eabi/10.3.1/../../../../arm-none-eabi/lib/thumb/v7-m/nofp/libc_nano.a
LOAD /Applications/ARM/bin/../lib/gcc/arm-none-eabi/10.3.1/../../../../arm-none-eabi/lib/thumb/v7-m/nofp/libnosys.a
END GROUP
LOAD /Applications/ARM/bin/../lib/gcc/arm-none-eabi/10.3.1/thumb/v7-m/nofp/crtend.o
LOAD /Applications/ARM/bin/../lib/gcc/arm-none-eabi/10.3.1/thumb/v7-m/nofp/crtn.o
                0x0000000000000400                STACK_SIZE = 0x400
                0x0000000000000000                HEAP_SIZE = 0x0

.isr_vector     0x0000000008000000      0x124
 *(.isr_vector)
 .isr_vector    0x0000000008000000      0x124 dbg/startup_stm32l1xx.o
                0x0000000008000000                g_pfnVectors
                0x0000000008000124                . = ALIGN (0x4)

.eh_frame       0x0000000008000124        0x0
 .eh_frame      0x0000000008000124        0x0 /Applications/ARM/bin/../lib/gcc/arm-none-eabi/10.3.1/thumb/v7-m/nofp/crtbegin.o

.text           0x0000000008000124     0x178c
                0x0000000008000124                . = ALIGN (0x4)
 *(.text)
 .text          0x0000000008000124       0x40 /Applications/ARM/bin/../lib/gcc/arm-none-eabi/10.3.1/thumb/v7-m/nofp/crtbegin.o
 *(.text*)
 .text.SysTick_Handler
                0x0000000008000164       0x54 dbg/bsp.o
                0x0000000008000164                SysTick_Handler
 .text.BSP_init
                0x00000000080001b8       0x8c dbg/bsp.o
                0x00000000080001b8                BSP_init
 .text.BSP_displayPhilStat
                0x0000000008000244       0x28 dbg/bsp.o
                0x0000000008000244                BSP_displayPhilStat
 .text.BSP_displayPaused
                0x000000000800026c        0x2 dbg/bsp.o
                0x000000000800026c                BSP_displayPaused
 *fill*         0x000000000800026e        0x2 
 .text.BSP_random
                0x0000000008000270       0x18 dbg/bsp.o
                0x0000000008000270                BSP_random
 .text.QF_onStartup
                0x0000000008000288       0x4c dbg/bsp.o
                0x0000000008000288                QF_onStartup
 .text.QV_onIdle
                0x00000000080002d4        0x8 dbg/bsp.o
                0x00000000080002d4                QV_onIdle
 .text.Q_onAssert
                0x00000000080002dc       0x24 dbg/bsp.o
                0x00000000080002dc                Q_onAssert
 .text.main     0x0000000008000300       0xa8 dbg/main.o
                0x0000000008000300                main
 .text.Philo_initial
                0x00000000080003a8       0x30 dbg/philo.o
 .text.Philo_thinking
                0x00000000080003d8       0x98 dbg/philo.o
 .text.Philo_hungry
                0x0000000008000470       0xa0 dbg/philo.o
 .text.Philo_eating
                0x0000000008000510       0xac dbg/philo.o
 .text.Philo_ctor
                0x00000000080005bc       0x38 dbg/philo.o
                0x00000000080005bc                Philo_ctor
 .text.Table_initial
                0x00000000080005f4       0x58 dbg/table.o
 .text.Table_serving
                0x000000000800064c      0x264 dbg/table.o
 .text.Table_active
                0x00000000080008b0       0x28 dbg/table.o
 .text.Table_paused
                0x00000000080008d8       0xe4 dbg/table.o
 .text.Table_ctor
                0x00000000080009bc       0x40 dbg/table.o
                0x00000000080009bc                Table_ctor
 .text.SystemInit
                0x00000000080009fc       0x48 dbg/system_stm32l1xx.o
                0x00000000080009fc                SystemInit
 .text.SystemCoreClockUpdate
                0x0000000008000a44       0xbc dbg/system_stm32l1xx.o
                0x0000000008000a44                SystemCoreClockUpdate
 .text.NMI_Handler
                0x0000000008000b00       0x14 dbg/startup_stm32l1xx.o
                0x0000000008000b00                NMI_Handler
 .text.MemManage_Handler
                0x0000000008000b14       0x18 dbg/startup_stm32l1xx.o
                0x0000000008000b14                MemManage_Handler
 .text.HardFault_Handler
                0x0000000008000b2c       0x18 dbg/startup_stm32l1xx.o
                0x0000000008000b2c                HardFault_Handler
 .text.BusFault_Handler
                0x0000000008000b44       0x18 dbg/startup_stm32l1xx.o
                0x0000000008000b44                BusFault_Handler
 .text.UsageFault_Handler
                0x0000000008000b5c       0x1c dbg/startup_stm32l1xx.o
                0x0000000008000b5c                UsageFault_Handler
 .text.Default_Handler
                0x0000000008000b78       0x18 dbg/startup_stm32l1xx.o
                0x0000000008000b78                DMA2_Channel3_IRQHandler
                0x0000000008000b78                EXTI2_IRQHandler
                0x0000000008000b78                COMP_ACQ_IRQHandler
                0x0000000008000b78                DebugMon_Handler
                0x0000000008000b78                TIM10_IRQHandler
                0x0000000008000b78                USB_HP_IRQHandler
                0x0000000008000b78                TIM6_IRQHandler
                0x0000000008000b78                PVD_IRQHandler
                0x0000000008000b78                SDIO_IRQHandler
                0x0000000008000b78                PendSV_Handler
                0x0000000008000b78                EXTI3_IRQHandler
                0x0000000008000b78                EXTI0_IRQHandler
                0x0000000008000b78                I2C2_EV_IRQHandler
                0x0000000008000b78                SPI1_IRQHandler
                0x0000000008000b78                USB_FS_WKUP_IRQHandler
                0x0000000008000b78                DMA2_Channel2_IRQHandler
                0x0000000008000b78                DMA1_Channel4_IRQHandler
                0x0000000008000b78                ADC1_IRQHandler
                0x0000000008000b78                USART3_IRQHandler
                0x0000000008000b78                DMA1_Channel7_IRQHandler
                0x0000000008000b78                LCD_IRQHandler
                0x0000000008000b78                UART5_IRQHandler
                0x0000000008000b78                TIM4_IRQHandler
                0x0000000008000b78                DMA2_Channel1_IRQHandler
                0x0000000008000b78                I2C1_EV_IRQHandler
                0x0000000008000b78                DMA1_Channel6_IRQHandler
                0x0000000008000b78                UART4_IRQHandler
                0x0000000008000b78                DMA2_Channel4_IRQHandler
                0x0000000008000b78                TIM3_IRQHandler
                0x0000000008000b78                RCC_IRQHandler
                0x0000000008000b78                DMA1_Channel1_IRQHandler
                0x0000000008000b78                Default_Handler
                0x0000000008000b78                EXTI15_10_IRQHandler
                0x0000000008000b78                TIM7_IRQHandler
                0x0000000008000b78                TIM5_IRQHandler
                0x0000000008000b78                EXTI9_5_IRQHandler
                0x0000000008000b78                TIM9_IRQHandler
                0x0000000008000b78                TAMPER_STAMP_IRQHandler
                0x0000000008000b78                RTC_WKUP_IRQHandler
                0x0000000008000b78                SPI2_IRQHandler
                0x0000000008000b78                SVC_Handler
                0x0000000008000b78                DMA2_Channel5_IRQHandler
                0x0000000008000b78                DMA1_Channel5_IRQHandler
                0x0000000008000b78                USB_LP_IRQHandler
                0x0000000008000b78                EXTI4_IRQHandler
                0x0000000008000b78                DMA1_Channel3_IRQHandler
                0x0000000008000b78                COMP_IRQHandler
                0x0000000008000b78                WWDG_IRQHandler
                0x0000000008000b78                TIM2_IRQHandler
                0x0000000008000b78                DAC_IRQHandler
                0x0000000008000b78                EXTI1_IRQHandler
                0x0000000008000b78                AES_IRQHandler
                0x0000000008000b78                TIM11_IRQHandler
                0x0000000008000b78                USART2_IRQHandler
                0x0000000008000b78                I2C2_ER_IRQHandler
                0x0000000008000b78                DMA1_Channel2_IRQHandler
                0x0000000008000b78                FLASH_IRQHandler
                0x0000000008000b78                USART1_IRQHandler
                0x0000000008000b78                SPI3_IRQHandler
                0x0000000008000b78                I2C1_ER_IRQHandler
                0x0000000008000b78                RTC_Alarm_IRQHandler
 .text.assert_failed
                0x0000000008000b90        0xc dbg/startup_stm32l1xx.o
                0x0000000008000b90                assert_failed
 .text.Reset_Handler
                0x0000000008000b9c       0x84 dbg/startup_stm32l1xx.o
                0x0000000008000b9c                Reset_Handler
 .text.QHsm_top
                0x0000000008000c20        0x4 dbg/qep_hsm.o
                0x0000000008000c20                QHsm_top
 .text.QHsm_init_
                0x0000000008000c24       0xa8 dbg/qep_hsm.o
                0x0000000008000c24                QHsm_init_
 .text.QHsm_dispatch_
                0x0000000008000ccc      0x204 dbg/qep_hsm.o
                0x0000000008000ccc                QHsm_dispatch_
 .text.QHsm_ctor
                0x0000000008000ed0       0x14 dbg/qep_hsm.o
                0x0000000008000ed0                QHsm_ctor
 .text.QF_add_  0x0000000008000ee4       0x3c dbg/qf_act.o
                0x0000000008000ee4                QF_add_
 .text.QF_bzero
                0x0000000008000f20       0x12 dbg/qf_act.o
                0x0000000008000f20                QF_bzero
 *fill*         0x0000000008000f32        0x2 
 .text.QActive_post_
                0x0000000008000f34       0xbc dbg/qf_actq.o
                0x0000000008000f34                QActive_post_
 .text.QActive_postLIFO_
                0x0000000008000ff0       0x84 dbg/qf_actq.o
                0x0000000008000ff0                QActive_postLIFO_
 .text.QActive_get_
                0x0000000008001074       0x68 dbg/qf_actq.o
                0x0000000008001074                QActive_get_
 .text.QF_poolInit
                0x00000000080010dc       0x58 dbg/qf_dyn.o
                0x00000000080010dc                QF_poolInit
 .text.QF_newX_
                0x0000000008001134       0x7c dbg/qf_dyn.o
                0x0000000008001134                QF_newX_
 .text.QF_gc    0x00000000080011b0       0x64 dbg/qf_dyn.o
                0x00000000080011b0                QF_gc
 .text.QMPool_init
                0x0000000008001214       0x90 dbg/qf_mem.o
                0x0000000008001214                QMPool_init
 .text.QMPool_put
                0x00000000080012a4       0x44 dbg/qf_mem.o
                0x00000000080012a4                QMPool_put
 .text.QMPool_get
                0x00000000080012e8       0x94 dbg/qf_mem.o
                0x00000000080012e8                QMPool_get
 .text.QF_psInit
                0x000000000800137c       0x1c dbg/qf_ps.o
                0x000000000800137c                QF_psInit
 .text.QF_publish_
                0x0000000008001398       0x98 dbg/qf_ps.o
                0x0000000008001398                QF_publish_
 .text.QActive_subscribe
                0x0000000008001430       0x64 dbg/qf_ps.o
                0x0000000008001430                QActive_subscribe
 .text.QActive_ctor
                0x0000000008001494       0x20 dbg/qf_qact.o
                0x0000000008001494                QActive_ctor
 .text.QEQueue_init
                0x00000000080014b4       0x1e dbg/qf_qeq.o
                0x00000000080014b4                QEQueue_init
 *fill*         0x00000000080014d2        0x2 
 .text.QF_tickX_
                0x00000000080014d4       0xac dbg/qf_time.o
                0x00000000080014d4                QF_tickX_
 .text.QTimeEvt_ctorX
                0x0000000008001580       0x2c dbg/qf_time.o
                0x0000000008001580                QTimeEvt_ctorX
 .text.QTimeEvt_armX
                0x00000000080015ac       0x68 dbg/qf_time.o
                0x00000000080015ac                QTimeEvt_armX
 .text.QTimeEvt_disarm
                0x0000000008001614       0x32 dbg/qf_time.o
                0x0000000008001614                QTimeEvt_disarm
 *fill*         0x0000000008001646        0x2 
 .text.QF_init  0x0000000008001648       0x48 dbg/qv.o
                0x0000000008001648                QF_init
 .text.QF_run   0x0000000008001690       0x84 dbg/qv.o
                0x0000000008001690                QF_run
 .text.QActive_start_
                0x0000000008001714       0x48 dbg/qv.o
                0x0000000008001714                QActive_start_
 .text.QV_init  0x000000000800175c       0x54 dbg/qv_port.o
                0x000000000800175c                QV_init
 *(.rodata)
 *(.rodata*)
 .rodata.pauseEvt.1
                0x00000000080017b0        0x4 dbg/bsp.o
 .rodata.serveEvt.0
                0x00000000080017b4        0x4 dbg/bsp.o
 .rodata.Q_this_module_
                0x00000000080017b8        0xa dbg/main.o
 *fill*         0x00000000080017c2        0x2 
 .rodata.AO_Philo
                0x00000000080017c4       0x14 dbg/philo.o
                0x00000000080017c4                AO_Philo
 .rodata.Q_this_module_
                0x00000000080017d8        0xe dbg/philo.o
 *fill*         0x00000000080017e6        0x2 
 .rodata.Table_initial.str1.4
                0x00000000080017e8        0x9 dbg/table.o
 *fill*         0x00000000080017f1        0x3 
 .rodata.Table_serving.str1.4
                0x00000000080017f4       0x15 dbg/table.o
 *fill*         0x0000000008001809        0x3 
 .rodata.AO_Table
                0x000000000800180c        0x4 dbg/table.o
                0x000000000800180c                AO_Table
 .rodata.Q_this_module_
                0x0000000008001810        0xe dbg/table.o
 *fill*         0x000000000800181e        0x2 
 .rodata.Reset_Handler.str1.4
                0x0000000008001820        0xe dbg/startup_stm32l1xx.o
 *fill*         0x000000000800182e        0x2 
 .rodata.QEP_reservedEvt_
                0x0000000008001830       0x10 dbg/qep_hsm.o
 .rodata.Q_this_module_
                0x0000000008001840        0x8 dbg/qep_hsm.o
 .rodata.vtable.0
                0x0000000008001848        0x8 dbg/qep_hsm.o
 .rodata.Q_this_module_
                0x0000000008001850        0x7 dbg/qf_act.o
 *fill*         0x0000000008001857        0x1 
 .rodata.Q_this_module_
                0x0000000008001858        0x8 dbg/qf_actq.o
 .rodata.Q_this_module_
                0x0000000008001860        0x7 dbg/qf_dyn.o
 *fill*         0x0000000008001867        0x1 
 .rodata.Q_this_module_
                0x0000000008001868        0x7 dbg/qf_mem.o
 *fill*         0x000000000800186f        0x1 
 .rodata.Q_this_module_
                0x0000000008001870        0x6 dbg/qf_ps.o
 *fill*         0x0000000008001876        0x2 
 .rodata.vtable.0
                0x0000000008001878       0x14 dbg/qf_qact.o
 .rodata.Q_this_module_
                0x000000000800188c        0x8 dbg/qf_time.o
 .rodata.Q_this_module_
                0x0000000008001894        0x3 dbg/qv.o
 *(.init)
 *fill*         0x0000000008001897        0x1 
 .init          0x0000000008001898        0x4 /Applications/ARM/bin/../lib/gcc/arm-none-eabi/10.3.1/thumb/v7-m/nofp/crti.o
                0x0000000008001898                _init
 .init          0x000000000800189c        0x8 /Applications/ARM/bin/../lib/gcc/arm-none-eabi/10.3.1/thumb/v7-m/nofp/crtn.o
 *(.fini)
 .fini          0x00000000080018a4        0x4 /Applications/ARM/bin/../lib/gcc/arm-none-eabi/10.3.1/thumb/v7-m/nofp/crti.o
                0x00000000080018a4                _fini
 .fini          0x00000000080018a8        0x8 /Applications/ARM/bin/../lib/gcc/arm-none-eabi/10.3.1/thumb/v7-m/nofp/crtn.o
                0x00000000080018b0                . = ALIGN (0x4)

.glue_7         0x00000000080018b0        0x0
 .glue_7        0x00000000080018b0        0x0 linker stubs

.glue_7t        0x00000000080018b0        0x0
 .glue_7t       0x00000000080018b0        0x0 linker stubs

.vfp11_veneer   0x00000000080018b0        0x0
 .vfp11_veneer  0x00000000080018b0        0x0 linker stubs

.v4_bx          0x00000000080018b0        0x0
 .v4_bx         0x00000000080018b0        0x0 linker stubs

.iplt           0x00000000080018b0        0x0
 .iplt          0x00000000080018b0        0x0 /Applications/ARM/bin/../lib/gcc/arm-none-eabi/10.3.1/thumb/v7-m/nofp/crtbegin.o

.rel.dyn        0x00000000080018b0        0x0
 .rel.iplt      0x00000000080018b0        0x0 /Applications/ARM/bin/../lib/gcc/arm-none-eabi/10.3.1/thumb/v7-m/nofp/crtbegin.o

.preinit_array  0x00000000080018b0        0x0
                0x00000000080018b0                PROVIDE (__preinit_array_start = .)
 *(.preinit_array*)
                0x00000000080018b0                PROVIDE (__preinit_array_end = .)

.init_array     0x00000000080018b0        0x4
                0x00000000080018b0                PROVIDE (__init_array_start = .)
 *(SORT_BY_NAME(.init_array.*))
 *(.init_array*)
 .init_array    0x00000000080018b0        0x4 /Applications/ARM/bin/../lib/gcc/arm-none-eabi/10.3.1/thumb/v7-m/nofp/crtbegin.o
                0x00000000080018b4                PROVIDE (__init_array_end = .)

.fini_array     0x00000000080018b4        0x4
                [!provide]                        PROVIDE (__fini_array_start = .)
 *(.fini_array*)
 .fini_array    0x00000000080018b4        0x4 /Applications/ARM/bin/../lib/gcc/arm-none-eabi/10.3.1/thumb/v7-m/nofp/crtbegin.o
 *(SORT_BY_NAME(.fini_array.*))
                [!provide]                        PROVIDE (__fini_array_end = .)
                0x00000000080018b8                _etext = .

.stack          0x0000000020000000      0x400
                0x0000000020000000                __stack_start__ = .
                0x0000000020000400                . = (. + STACK_SIZE)
 *fill*         0x0000000020000000      0x400 
                0x0000000020000400                . = ALIGN (0x4)
                0x0000000020000400                __stack_end__ = .

.data           0x0000000020000400       0x28 load address 0x00000000080018b8
                0x00000000080018b8                __data_load = LOADADDR (.data)
                0x0000000020000400                __data_start = .
 *(.data)
 *(.data*)
 .data.buttons.2
                0x0000000020000400        0x8 dbg/bsp.o
 .data.AHBPrescTable
                0x0000000020000408       0x10 dbg/system_stm32l1xx.o
                0x0000000020000408                AHBPrescTable
 .data.PLLMulTable
                0x0000000020000418        0x9 dbg/system_stm32l1xx.o
                0x0000000020000418                PLLMulTable
 *fill*         0x0000000020000421        0x3 
 .data.SystemCoreClock
                0x0000000020000424        0x4 dbg/system_stm32l1xx.o
                0x0000000020000424                SystemCoreClock
                0x0000000020000428                . = ALIGN (0x4)
                0x0000000020000428                __data_end__ = .
                0x0000000020000428                _edata = __data_end__

.igot.plt       0x0000000020000428        0x0 load address 0x00000000080018e0
 .igot.plt      0x0000000020000428        0x0 /Applications/ARM/bin/../lib/gcc/arm-none-eabi/10.3.1/thumb/v7-m/nofp/crtbegin.o

.bss            0x0000000020000428      0x31c load address 0x00000000080018e0
                0x0000000020000428                __bss_start__ = .
 *(.bss)
 .bss           0x0000000020000428       0x1c /Applications/ARM/bin/../lib/gcc/arm-none-eabi/10.3.1/thumb/v7-m/nofp/crtbegin.o
 *(.bss*)
 .bss.l_rnd     0x0000000020000444        0x4 dbg/bsp.o
 .bss.philoQueueSto.1
                0x0000000020000448       0x64 dbg/main.o
 .bss.smlPoolSto.2
                0x00000000200004ac       0x50 dbg/main.o
 .bss.subscrSto.3
                0x00000000200004fc       0x24 dbg/main.o
 .bss.tableQueueSto.0
                0x0000000020000520       0x14 dbg/main.o
 .bss.Philo_inst
                0x0000000020000534       0xf0 dbg/philo.o
                0x0000000020000534                Philo_inst
 .bss.registered.0
                0x0000000020000624        0x1 dbg/philo.o
 *fill*         0x0000000020000625        0x3 
 .bss.Table_inst
                0x0000000020000628       0x2c dbg/table.o
                0x0000000020000628                Table_inst
 .bss.QF_active_
                0x0000000020000654       0x84 dbg/qf_act.o
                0x0000000020000654                QF_active_
 .bss.QF_maxPool_
                0x00000000200006d8        0x4 dbg/qf_dyn.o
                0x00000000200006d8                QF_maxPool_
 .bss.QF_pool_  0x00000000200006dc       0x3c dbg/qf_dyn.o
                0x00000000200006dc                QF_pool_
 .bss.QF_maxPubSignal_
                0x0000000020000718        0x4 dbg/qf_ps.o
                0x0000000020000718                QF_maxPubSignal_
 .bss.QF_subscrList_
                0x000000002000071c        0x4 dbg/qf_ps.o
                0x000000002000071c                QF_subscrList_
 .bss.QF_timeEvtHead_
                0x0000000020000720       0x20 dbg/qf_time.o
                0x0000000020000720                QF_timeEvtHead_
 .bss.QV_readySet_
                0x0000000020000740        0x4 dbg/qv.o
                0x0000000020000740                QV_readySet_
 *(COMMON)
                0x0000000020000744                . = ALIGN (0x4)
                0x0000000020000744                _ebss = .
                0x0000000020000744                __bss_end__ = .
                0x0000000020000744                __exidx_start = .

.ARM.exidx
 *(.ARM.exidx* .gnu.linkonce.armexidx.*)
                0x0000000020000744                __exidx_end = .
                [!provide]                        PROVIDE (end = _ebss)
                [!provide]                        PROVIDE (_end = _ebss)
                [!provide]                        PROVIDE (__end__ = _ebss)

.heap           0x0000000020000744        0x0
                0x0000000020000744                __heap_start__ = .
                0x0000000020000744                . = (. + HEAP_SIZE)
                0x0000000020000744                . = ALIGN (0x4)
                0x0000000020000744                __heap_end__ = .

/DISCARD/
 libc.a(*)
 libm.a(*)
 libgcc.a(*)
OUTPUT(dbg/dpp-qv.elf elf32-littlearm)
LOAD linker stubs
LOAD /Applications/ARM/bin/../lib/gcc/arm-none-eabi/10.3.1/../../../../arm-none-eabi/lib/thumb/v7-m/nofp/libc.a
LOAD /Applications/ARM/bin/../lib/gcc/arm-none-eabi/10.3.1/../../../../arm-none-eabi/lib/thumb/v7-m/nofp/libm.a
LOAD /Applications/ARM/bin/../lib/gcc/arm-none-eabi/10.3.1/thumb/v7-m/nofp/libgcc.a

.ARM.attributes
                0x0000000000000000       0x29
 .ARM.attributes
                0x0000000000000000       0x1d /Applications/ARM/bin/../lib/gcc/arm-none-eabi/10.3.1/thumb/v7-m/nofp/crti.o
 .ARM.attributes
                0x000000000000001d       0x2d /Applications/ARM/bin/../lib/gcc/arm-none-eabi/10.3.1/thumb/v7-m/nofp/crtbegin.o
 .ARM.attributes
                0x000000000000004a       0x2d dbg/bsp.o
 .ARM.attributes
                0x0000000000000077       0x2d dbg/main.o
 .ARM.attributes
                0x00000000000000a4       0x2d dbg/philo.o
 .ARM.attributes
                0x00000000000000d1       0x2d dbg/table.o
 .ARM.attributes
                0x00000000000000fe       0x2d dbg/system_stm32l1xx.o
 .ARM.attributes
                0x000000000000012b       0x2d dbg/startup_stm32l1xx.o
 .ARM.attributes
                0x0000000000000158       0x2d dbg/qep_hsm.o
 .ARM.attributes
                0x0000000000000185       0x2d dbg/qf_act.o
 .ARM.attributes
                0x00000000000001b2       0x2d dbg/qf_actq.o
 .ARM.attributes
                0x00000000000001df       0x2d dbg/qf_dyn.o
 .ARM.attributes
                0x000000000000020c       0x2d dbg/qf_mem.o
 .ARM.attributes
                0x0000000000000239       0x2d dbg/qf_ps.o
 .ARM.attributes
                0x0000000000000266       0x2d dbg/qf_qact.o
 .ARM.attributes
                0x0000000000000293       0x2d dbg/qf_qeq.o
 .ARM.attributes
                0x00000000000002c0       0x2d dbg/qf_time.o
 .ARM.attributes
                0x00000000000002ed       0x2d dbg/qv.o
 .ARM.attributes
                0x000000000000031a       0x2d dbg/qv_port.o
 .ARM.attributes
                0x0000000000000347       0x1d /Applications/ARM/bin/../lib/gcc/arm-none-eabi/10.3.1/thumb/v7-m/nofp/crtn.o

.comment        0x0000000000000000       0x49
 .comment       0x0000000000000000       0x49 dbg/bsp.o
                                         0x4a (size before relaxing)
 .comment       0x0000000000000049       0x4a dbg/main.o
 .comment       0x0000000000000049       0x4a dbg/philo.o
 .comment       0x0000000000000049       0x4a dbg/table.o
 .comment       0x0000000000000049       0x4a dbg/system_stm32l1xx.o
 .comment       0x0000000000000049       0x4a dbg/startup_stm32l1xx.o
 .comment       0x0000000000000049       0x4a dbg/qep_hsm.o
 .comment       0x0000000000000049       0x4a dbg/qf_act.o
 .comment       0x0000000000000049       0x4a dbg/qf_actq.o
 .comment       0x0000000000000049       0x4a dbg/qf_dyn.o
 .comment       0x0000000000000049       0x4a dbg/qf_mem.o
 .comment       0x0000000000000049       0x4a dbg/qf_ps.o
 .comment       0x0000000000000049       0x4a dbg/qf_qact.o
 .comment       0x0000000000000049       0x4a dbg/qf_qeq.o
 .comment       0x0000000000000049       0x4a dbg/qf_time.o
 .comment       0x0000000000000049       0x4a dbg/qv.o
 .comment       0x0000000000000049       0x4a dbg/qv_port.o

.debug_info     0x0000000000000000     0x7f37
 .debug_info    0x0000000000000000      0xca6 dbg/bsp.o
 .debug_info    0x0000000000000ca6      0x89c dbg/main.o
 .debug_info    0x0000000000001542      0xb1a dbg/philo.o
 .debug_info    0x000000000000205c      0xc34 dbg/table.o
 .debug_info    0x0000000000002c90      0x43b dbg/system_stm32l1xx.o
 .debug_info    0x00000000000030cb      0x25f dbg/startup_stm32l1xx.o
 .debug_info    0x000000000000332a      0xbb1 dbg/qep_hsm.o
 .debug_info    0x0000000000003edb      0x5e0 dbg/qf_act.o
 .debug_info    0x00000000000044bb      0xa36 dbg/qf_actq.o
 .debug_info    0x0000000000004ef1      0x598 dbg/qf_dyn.o
 .debug_info    0x0000000000005489      0x480 dbg/qf_mem.o
 .debug_info    0x0000000000005909      0x8c9 dbg/qf_ps.o
 .debug_info    0x00000000000061d2      0x5bb dbg/qf_qact.o
 .debug_info    0x000000000000678d      0x454 dbg/qf_qeq.o
 .debug_info    0x0000000000006be1      0x9ab dbg/qf_time.o
 .debug_info    0x000000000000758c      0x8e6 dbg/qv.o
 .debug_info    0x0000000000007e72       0xc5 dbg/qv_port.o

.debug_abbrev   0x0000000000000000     0x277a
 .debug_abbrev  0x0000000000000000      0x3c4 dbg/bsp.o
 .debug_abbrev  0x00000000000003c4      0x23c dbg/main.o
 .debug_abbrev  0x0000000000000600      0x2b1 dbg/philo.o
 .debug_abbrev  0x00000000000008b1      0x2ce dbg/table.o
 .debug_abbrev  0x0000000000000b7f      0x12c dbg/system_stm32l1xx.o
 .debug_abbrev  0x0000000000000cab      0x16d dbg/startup_stm32l1xx.o
 .debug_abbrev  0x0000000000000e18      0x3a9 dbg/qep_hsm.o
 .debug_abbrev  0x00000000000011c1      0x21a dbg/qf_act.o
 .debug_abbrev  0x00000000000013db      0x341 dbg/qf_actq.o
 .debug_abbrev  0x000000000000171c      0x218 dbg/qf_dyn.o
 .debug_abbrev  0x0000000000001934      0x1d8 dbg/qf_mem.o
 .debug_abbrev  0x0000000000001b0c      0x2c4 dbg/qf_ps.o
 .debug_abbrev  0x0000000000001dd0      0x1e0 dbg/qf_qact.o
 .debug_abbrev  0x0000000000001fb0      0x1f9 dbg/qf_qeq.o
 .debug_abbrev  0x00000000000021a9      0x2f1 dbg/qf_time.o
 .debug_abbrev  0x000000000000249a      0x279 dbg/qv.o
 .debug_abbrev  0x0000000000002713       0x67 dbg/qv_port.o

.debug_loc      0x0000000000000000     0x36fc
 .debug_loc     0x0000000000000000      0x146 dbg/bsp.o
 .debug_loc     0x0000000000000146       0x41 dbg/main.o
 .debug_loc     0x0000000000000187      0x4f9 dbg/philo.o
 .debug_loc     0x0000000000000680      0x8b4 dbg/table.o
 .debug_loc     0x0000000000000f34      0x1ad dbg/system_stm32l1xx.o
 .debug_loc     0x00000000000010e1       0xd5 dbg/startup_stm32l1xx.o
 .debug_loc     0x00000000000011b6      0x815 dbg/qep_hsm.o
 .debug_loc     0x00000000000019cb       0xec dbg/qf_act.o
 .debug_loc     0x0000000000001ab7      0x671 dbg/qf_actq.o
 .debug_loc     0x0000000000002128      0x414 dbg/qf_dyn.o
 .debug_loc     0x000000000000253c      0x3db dbg/qf_mem.o
 .debug_loc     0x0000000000002917      0x30d dbg/qf_ps.o
 .debug_loc     0x0000000000002c24       0x64 dbg/qf_qact.o
 .debug_loc     0x0000000000002c88      0x3e7 dbg/qf_qeq.o
 .debug_loc     0x000000000000306f      0x47a dbg/qf_time.o
 .debug_loc     0x00000000000034e9      0x1f5 dbg/qv.o
 .debug_loc     0x00000000000036de       0x1e dbg/qv_port.o

.debug_aranges  0x0000000000000000      0x430
 .debug_aranges
                0x0000000000000000       0x70 dbg/bsp.o
 .debug_aranges
                0x0000000000000070       0x20 dbg/main.o
 .debug_aranges
                0x0000000000000090       0x40 dbg/philo.o
 .debug_aranges
                0x00000000000000d0       0x40 dbg/table.o
 .debug_aranges
                0x0000000000000110       0x28 dbg/system_stm32l1xx.o
 .debug_aranges
                0x0000000000000138       0x58 dbg/startup_stm32l1xx.o
 .debug_aranges
                0x0000000000000190       0x48 dbg/qep_hsm.o
 .debug_aranges
                0x00000000000001d8       0x30 dbg/qf_act.o
 .debug_aranges
                0x0000000000000208       0x60 dbg/qf_actq.o
 .debug_aranges
                0x0000000000000268       0x48 dbg/qf_dyn.o
 .debug_aranges
                0x00000000000002b0       0x38 dbg/qf_mem.o
 .debug_aranges
                0x00000000000002e8       0x40 dbg/qf_ps.o
 .debug_aranges
                0x0000000000000328       0x20 dbg/qf_qact.o
 .debug_aranges
                0x0000000000000348       0x38 dbg/qf_qeq.o
 .debug_aranges
                0x0000000000000380       0x58 dbg/qf_time.o
 .debug_aranges
                0x00000000000003d8       0x38 dbg/qv.o
 .debug_aranges
                0x0000000000000410       0x20 dbg/qv_port.o

.debug_ranges   0x0000000000000000      0x488
 .debug_ranges  0x0000000000000000       0x78 dbg/bsp.o
 .debug_ranges  0x0000000000000078       0x10 dbg/main.o
 .debug_ranges  0x0000000000000088       0x30 dbg/philo.o
 .debug_ranges  0x00000000000000b8       0x68 dbg/table.o
 .debug_ranges  0x0000000000000120       0x18 dbg/system_stm32l1xx.o
 .debug_ranges  0x0000000000000138       0x48 dbg/startup_stm32l1xx.o
 .debug_ranges  0x0000000000000180       0x98 dbg/qep_hsm.o
 .debug_ranges  0x0000000000000218       0x20 dbg/qf_act.o
 .debug_ranges  0x0000000000000238       0x50 dbg/qf_actq.o
 .debug_ranges  0x0000000000000288       0x50 dbg/qf_dyn.o
 .debug_ranges  0x00000000000002d8       0x40 dbg/qf_mem.o
 .debug_ranges  0x0000000000000318       0x48 dbg/qf_ps.o
 .debug_ranges  0x0000000000000360       0x10 dbg/qf_qact.o
 .debug_ranges  0x0000000000000370       0x40 dbg/qf_qeq.o
 .debug_ranges  0x00000000000003b0       0x80 dbg/qf_time.o
 .debug_ranges  0x0000000000000430       0x48 dbg/qv.o
 .debug_ranges  0x0000000000000478       0x10 dbg/qv_port.o

.debug_line     0x0000000000000000     0x3b36
 .debug_line    0x0000000000000000      0x46b dbg/bsp.o
 .debug_line    0x000000000000046b      0x1d2 dbg/main.o
 .debug_line    0x000000000000063d      0x36e dbg/philo.o
 .debug_line    0x00000000000009ab      0x5f1 dbg/table.o
 .debug_line    0x0000000000000f9c      0x26d dbg/system_stm32l1xx.o
 .debug_line    0x0000000000001209      0x1b3 dbg/startup_stm32l1xx.o
 .debug_line    0x00000000000013bc      0x6af dbg/qep_hsm.o
 .debug_line    0x0000000000001a6b      0x22d dbg/qf_act.o
 .debug_line    0x0000000000001c98      0x53a dbg/qf_actq.o
 .debug_line    0x00000000000021d2      0x358 dbg/qf_dyn.o
 .debug_line    0x000000000000252a      0x400 dbg/qf_mem.o
 .debug_line    0x000000000000292a      0x38f dbg/qf_ps.o
 .debug_line    0x0000000000002cb9      0x15e dbg/qf_qact.o
 .debug_line    0x0000000000002e17      0x3ef dbg/qf_qeq.o
 .debug_line    0x0000000000003206      0x52a dbg/qf_time.o
 .debug_line    0x0000000000003730      0x2cb dbg/qv.o
 .debug_line    0x00000000000039fb      0x13b dbg/qv_port.o

.debug_str      0x0000000000000000     0x13ef
 .debug_str     0x0000000000000000      0x856 dbg/bsp.o
                                        0x8c5 (size before relaxing)
 .debug_str     0x0000000000000856      0x21b dbg/main.o
                                        0x484 (size before relaxing)
 .debug_str     0x0000000000000a71      0x1a1 dbg/philo.o
                                        0x594 (size before relaxing)
 .debug_str     0x0000000000000c12       0x5d dbg/table.o
                                        0x52e (size before relaxing)
 .debug_str     0x0000000000000c6f       0x88 dbg/system_stm32l1xx.o
                                        0x2df (size before relaxing)
 .debug_str     0x0000000000000cf7      0x147 dbg/startup_stm32l1xx.o
                                        0x23f (size before relaxing)
 .debug_str     0x0000000000000e3e       0xe7 dbg/qep_hsm.o
                                        0x47c (size before relaxing)
 .debug_str     0x0000000000000f25       0x4e dbg/qf_act.o
                                        0x355 (size before relaxing)
 .debug_str     0x0000000000000f73       0xf2 dbg/qf_actq.o
                                        0x46d (size before relaxing)
 .debug_str     0x0000000000001065       0xf8 dbg/qf_dyn.o
                                        0x30a (size before relaxing)
 .debug_str     0x000000000000115d       0x5d dbg/qf_mem.o
                                        0x2bb (size before relaxing)
 .debug_str     0x00000000000011ba       0x86 dbg/qf_ps.o
                                        0x45e (size before relaxing)
 .debug_str     0x0000000000001240       0x28 dbg/qf_qact.o
                                        0x359 (size before relaxing)
 .debug_str     0x0000000000001268       0x68 dbg/qf_qeq.o
                                        0x297 (size before relaxing)
 .debug_str     0x00000000000012d0       0x99 dbg/qf_time.o
                                        0x46c (size before relaxing)
 .debug_str     0x0000000000001369       0x51 dbg/qv.o
                                        0x479 (size before relaxing)
 .debug_str     0x00000000000013ba       0x35 dbg/qv_port.o
                                        0x1b1 (size before relaxing)

.debug_frame    0x0000000000000000      0x898
 .debug_frame   0x0000000000000000       0xd4 dbg/bsp.o
 .debug_frame   0x00000000000000d4       0x3c dbg/main.o
 .debug_frame   0x0000000000000110       0x90 dbg/philo.o
 .debug_frame   0x00000000000001a0       0xa0 dbg/table.o
 .debug_frame   0x0000000000000240       0x30 dbg/system_stm32l1xx.o
 .debug_frame   0x0000000000000270       0x90 dbg/startup_stm32l1xx.o
 .debug_frame   0x0000000000000300       0xc4 dbg/qep_hsm.o
 .debug_frame   0x00000000000003c4       0x50 dbg/qf_act.o
 .debug_frame   0x0000000000000414       0xec dbg/qf_actq.o
 .debug_frame   0x0000000000000500       0xa0 dbg/qf_dyn.o
 .debug_frame   0x00000000000005a0       0x70 dbg/qf_mem.o
 .debug_frame   0x0000000000000610       0x98 dbg/qf_ps.o
 .debug_frame   0x00000000000006a8       0x2c dbg/qf_qact.o
 .debug_frame   0x00000000000006d4       0x6c dbg/qf_qeq.o
 .debug_frame   0x0000000000000740       0xb8 dbg/qf_time.o
 .debug_frame   0x00000000000007f8       0x80 dbg/qv.o
 .debug_frame   0x0000000000000878       0x20 dbg/qv_port.o

Cross Reference Table

Symbol                                            File
ADC1_IRQHandler                                   dbg/startup_stm32l1xx.o
AES_IRQHandler                                    dbg/startup_stm32l1xx.o
AHBPrescTable                                     dbg/system_stm32l1xx.o
AO_Philo                                          dbg/philo.o
                                                  dbg/main.o
AO_Table                                          dbg/table.o
                                                  dbg/philo.o
                                                  dbg/main.o
BSP_displayPaused                                 dbg/bsp.o
                                                  dbg/table.o
BSP_displayPhilStat                               dbg/bsp.o
                                                  dbg/table.o
BSP_init                                          dbg/bsp.o
                                                  dbg/main.o
BSP_random                                        dbg/bsp.o
                                                  dbg/philo.o
BSP_randomSeed                                    dbg/bsp.o
BSP_terminate                                     dbg/bsp.o
BusFault_Handler                                  dbg/startup_stm32l1xx.o
COMP_ACQ_IRQHandler                               dbg/startup_stm32l1xx.o
COMP_IRQHandler                                   dbg/startup_stm32l1xx.o
DAC_IRQHandler                                    dbg/startup_stm32l1xx.o
DMA1_Channel1_IRQHandler                          dbg/startup_stm32l1xx.o
DMA1_Channel2_IRQHandler                          dbg/startup_stm32l1xx.o
DMA1_Channel3_IRQHandler                          dbg/startup_stm32l1xx.o
DMA1_Channel4_IRQHandler                          dbg/startup_stm32l1xx.o
DMA1_Channel5_IRQHandler                          dbg/startup_stm32l1xx.o
DMA1_Channel6_IRQHandler                          dbg/startup_stm32l1xx.o
DMA1_Channel7_IRQHandler                          dbg/startup_stm32l1xx.o
DMA2_Channel1_IRQHandler                          dbg/startup_stm32l1xx.o
DMA2_Channel2_IRQHandler                          dbg/startup_stm32l1xx.o
DMA2_Channel3_IRQHandler                          dbg/startup_stm32l1xx.o
DMA2_Channel4_IRQHandler                          dbg/startup_stm32l1xx.o
DMA2_Channel5_IRQHandler                          dbg/startup_stm32l1xx.o
DebugMon_Handler                                  dbg/startup_stm32l1xx.o
Default_Handler                                   dbg/startup_stm32l1xx.o
EXTI0_IRQHandler                                  dbg/startup_stm32l1xx.o
EXTI15_10_IRQHandler                              dbg/startup_stm32l1xx.o
EXTI1_IRQHandler                                  dbg/startup_stm32l1xx.o
EXTI2_IRQHandler                                  dbg/startup_stm32l1xx.o
EXTI3_IRQHandler                                  dbg/startup_stm32l1xx.o
EXTI4_IRQHandler                                  dbg/startup_stm32l1xx.o
EXTI9_5_IRQHandler                                dbg/startup_stm32l1xx.o
FLASH_IRQHandler                                  dbg/startup_stm32l1xx.o
HardFault_Handler                                 dbg/startup_stm32l1xx.o
I2C1_ER_IRQHandler                                dbg/startup_stm32l1xx.o
I2C1_EV_IRQHandler                                dbg/startup_stm32l1xx.o
I2C2_ER_IRQHandler                                dbg/startup_stm32l1xx.o
I2C2_EV_IRQHandler                                dbg/startup_stm32l1xx.o
LCD_IRQHandler                                    dbg/startup_stm32l1xx.o
MemManage_Handler                                 dbg/startup_stm32l1xx.o
NMI_Handler                                       dbg/startup_stm32l1xx.o
PLLMulTable                                       dbg/system_stm32l1xx.o
PVD_IRQHandler                                    dbg/startup_stm32l1xx.o
PendSV_Handler                                    dbg/startup_stm32l1xx.o
Philo_ctor                                        dbg/philo.o
                                                  dbg/main.o
Philo_inst                                        dbg/philo.o
QActive_ctor                                      dbg/qf_qact.o
                                                  dbg/qf_actq.o
                                                  dbg/table.o
                                                  dbg/philo.o
QActive_defer                                     dbg/qf_defer.o
QActive_flushDeferred                             dbg/qf_defer.o
QActive_get_                                      dbg/qf_actq.o
                                                  dbg/qv.o
QActive_postLIFO_                                 dbg/qf_actq.o
                                                  dbg/qf_qmact.o
                                                  dbg/qf_qact.o
QActive_post_                                     dbg/qf_actq.o
                                                  dbg/qf_qmact.o
                                                  dbg/qf_qact.o
QActive_recall                                    dbg/qf_defer.o
QActive_start_                                    dbg/qv.o
                                                  dbg/qf_qmact.o
                                                  dbg/qf_qact.o
                                                  dbg/qf_actq.o
QActive_subscribe                                 dbg/qf_ps.o
                                                  dbg/table.o
                                                  dbg/philo.o
QActive_unsubscribe                               dbg/qf_ps.o
QActive_unsubscribeAll                            dbg/qf_ps.o
QEQueue_get                                       dbg/qf_qeq.o
                                                  dbg/qf_defer.o
QEQueue_init                                      dbg/qf_qeq.o
                                                  dbg/qv.o
QEQueue_post                                      dbg/qf_qeq.o
                                                  dbg/qf_defer.o
QEQueue_postLIFO                                  dbg/qf_qeq.o
QF_active_                                        dbg/qf_act.o
                                                  dbg/qv.o
                                                  dbg/qf_ps.o
                                                  dbg/qf_actq.o
QF_add_                                           dbg/qf_act.o
                                                  dbg/qv.o
QF_bzero                                          dbg/qf_act.o
                                                  dbg/qv.o
                                                  dbg/qf_qmact.o
                                                  dbg/qf_qact.o
                                                  dbg/qf_ps.o
QF_deleteRef_                                     dbg/qf_dyn.o
QF_gc                                             dbg/qf_dyn.o
                                                  dbg/qv.o
                                                  dbg/qf_ps.o
                                                  dbg/qf_defer.o
                                                  dbg/qf_actq.o
QF_getPoolMin                                     dbg/qf_mem.o
QF_getQueueMin                                    dbg/qf_actq.o
QF_init                                           dbg/qv.o
                                                  dbg/main.o
QF_maxPool_                                       dbg/qf_dyn.o
                                                  dbg/qv.o
                                                  dbg/qf_mem.o
QF_maxPubSignal_                                  dbg/qf_ps.o
                                                  dbg/qv.o
QF_newRef_                                        dbg/qf_dyn.o
QF_newX_                                          dbg/qf_dyn.o
                                                  dbg/table.o
                                                  dbg/philo.o
QF_noTimeEvtsActiveX                              dbg/qf_time.o
QF_onCleanup                                      dbg/bsp.o
                                                  dbg/qv.o
QF_onStartup                                      dbg/bsp.o
                                                  dbg/qv.o
QF_poolGetMaxBlockSize                            dbg/qf_dyn.o
QF_poolInit                                       dbg/qf_dyn.o
                                                  dbg/main.o
QF_pool_                                          dbg/qf_dyn.o
                                                  dbg/qf_mem.o
QF_psInit                                         dbg/qf_ps.o
                                                  dbg/main.o
QF_publish_                                       dbg/qf_ps.o
                                                  dbg/table.o
                                                  dbg/philo.o
                                                  dbg/bsp.o
QF_remove_                                        dbg/qf_act.o
QF_run                                            dbg/qv.o
                                                  dbg/main.o
QF_stop                                           dbg/qv.o
QF_subscrList_                                    dbg/qf_ps.o
                                                  dbg/qv.o
QF_tickX_                                         dbg/qf_time.o
                                                  dbg/qf_actq.o
                                                  dbg/bsp.o
QF_timeEvtHead_                                   dbg/qf_time.o
                                                  dbg/qv.o
QHsm_childState_                                  dbg/qep_hsm.o
QHsm_ctor                                         dbg/qep_hsm.o
                                                  dbg/qf_qact.o
QHsm_dispatch_                                    dbg/qep_hsm.o
                                                  dbg/qf_qact.o
QHsm_init_                                        dbg/qep_hsm.o
                                                  dbg/qf_qact.o
QHsm_isIn                                         dbg/qep_hsm.o
QHsm_top                                          dbg/qep_hsm.o
                                                  dbg/table.o
                                                  dbg/philo.o
QMActive_ctor                                     dbg/qf_qmact.o
QMPool_get                                        dbg/qf_mem.o
                                                  dbg/qf_dyn.o
QMPool_init                                       dbg/qf_mem.o
                                                  dbg/qf_dyn.o
QMPool_put                                        dbg/qf_mem.o
                                                  dbg/qf_dyn.o
QMsm_childStateObj_                               dbg/qep_msm.o
QMsm_ctor                                         dbg/qep_msm.o
                                                  dbg/qf_qmact.o
QMsm_dispatch_                                    dbg/qep_msm.o
                                                  dbg/qf_qmact.o
QMsm_init_                                        dbg/qep_msm.o
                                                  dbg/qf_qmact.o
QMsm_isInState                                    dbg/qep_msm.o
QP_versionStr                                     dbg/qep_hsm.o
QTicker_ctor                                      dbg/qf_actq.o
QTimeEvt_armX                                     dbg/qf_time.o
                                                  dbg/philo.o
QTimeEvt_ctorX                                    dbg/qf_time.o
                                                  dbg/philo.o
QTimeEvt_currCtr                                  dbg/qf_time.o
QTimeEvt_disarm                                   dbg/qf_time.o
                                                  dbg/philo.o
QTimeEvt_rearm                                    dbg/qf_time.o
QTimeEvt_wasDisarmed                              dbg/qf_time.o
QV_init                                           dbg/qv_port.o
                                                  dbg/qv.o
QV_onIdle                                         dbg/bsp.o
                                                  dbg/qv.o
QV_readySet_                                      dbg/qv.o
                                                  dbg/qf_actq.o
Q_BUILD_DATE                                      dbg/qstamp.o
Q_BUILD_TIME                                      dbg/qstamp.o
Q_onAssert                                        dbg/bsp.o
                                                  dbg/qv.o
                                                  dbg/qf_time.o
                                                  dbg/qf_qeq.o
                                                  dbg/qf_ps.o
                                                  dbg/qf_mem.o
                                                  dbg/qf_dyn.o
                                                  dbg/qf_defer.o
                                                  dbg/qf_actq.o
                                                  dbg/qf_act.o
                                                  dbg/qep_msm.o
                                                  dbg/qep_hsm.o
                                                  dbg/startup_stm32l1xx.o
                                                  dbg/table.o
                                                  dbg/philo.o
                                                  dbg/main.o
RCC_IRQHandler                                    dbg/startup_stm32l1xx.o
RTC_Alarm_IRQHandler                              dbg/startup_stm32l1xx.o
RTC_WKUP_IRQHandler                               dbg/startup_stm32l1xx.o
Reset_Handler                                     dbg/startup_stm32l1xx.o
SDIO_IRQHandler                                   dbg/startup_stm32l1xx.o
SPI1_IRQHandler                                   dbg/startup_stm32l1xx.o
SPI2_IRQHandler                                   dbg/startup_stm32l1xx.o
SPI3_IRQHandler                                   dbg/startup_stm32l1xx.o
SVC_Handler                                       dbg/startup_stm32l1xx.o
SysTick_Handler                                   dbg/bsp.o
SystemCoreClock                                   dbg/system_stm32l1xx.o
                                                  dbg/bsp.o
SystemCoreClockUpdate                             dbg/system_stm32l1xx.o
                                                  dbg/bsp.o
SystemInit                                        dbg/system_stm32l1xx.o
                                                  dbg/startup_stm32l1xx.o
TAMPER_STAMP_IRQHandler                           dbg/startup_stm32l1xx.o
TIM10_IRQHandler                                  dbg/startup_stm32l1xx.o
TIM11_IRQHandler                                  dbg/startup_stm32l1xx.o
TIM2_IRQHandler                                   dbg/startup_stm32l1xx.o
TIM3_IRQHandler                                   dbg/startup_stm32l1xx.o
TIM4_IRQHandler                                   dbg/startup_stm32l1xx.o
TIM5_IRQHandler                                   dbg/startup_stm32l1xx.o
TIM6_IRQHandler                                   dbg/startup_stm32l1xx.o
TIM7_IRQHandler                                   dbg/startup_stm32l1xx.o
TIM9_IRQHandler                                   dbg/startup_stm32l1xx.o
Table_ctor                                        dbg/table.o
                                                  dbg/main.o
Table_inst                                        dbg/table.o
UART4_IRQHandler                                  dbg/startup_stm32l1xx.o
UART5_IRQHandler                                  dbg/startup_stm32l1xx.o
USART1_IRQHandler                                 dbg/startup_stm32l1xx.o
USART2_IRQHandler                                 dbg/startup_stm32l1xx.o
USART3_IRQHandler                                 dbg/startup_stm32l1xx.o
USB_FS_WKUP_IRQHandler                            dbg/startup_stm32l1xx.o
USB_HP_IRQHandler                                 dbg/startup_stm32l1xx.o
USB_LP_IRQHandler                                 dbg/startup_stm32l1xx.o
UsageFault_Handler                                dbg/startup_stm32l1xx.o
WWDG_IRQHandler                                   dbg/startup_stm32l1xx.o
__bss_end__                                       dbg/startup_stm32l1xx.o
                                                  /Applications/ARM/bin/../lib/gcc/arm-none-eabi/10.3.1/../../../../arm-none-eabi/lib/thumb/v7-m/nofp/crt0.o
__bss_start__                                     dbg/startup_stm32l1xx.o
                                                  /Applications/ARM/bin/../lib/gcc/arm-none-eabi/10.3.1/../../../../arm-none-eabi/lib/thumb/v7-m/nofp/crt0.o
__call_exitprocs                                  /Applications/ARM/bin/../lib/gcc/arm-none-eabi/10.3.1/../../../../arm-none-eabi/lib/thumb/v7-m/nofp/libc_nano.a(lib_a-exit.o)
__data_end__                                      dbg/startup_stm32l1xx.o
__data_load                                       dbg/startup_stm32l1xx.o
__data_start                                      dbg/startup_stm32l1xx.o
__deregister_frame_info                           /Applications/ARM/bin/../lib/gcc/arm-none-eabi/10.3.1/thumb/v7-m/nofp/crtbegin.o
__dso_handle                                      /Applications/ARM/bin/../lib/gcc/arm-none-eabi/10.3.1/thumb/v7-m/nofp/crtbegin.o
__init_array_end                                  /Applications/ARM/bin/../lib/gcc/arm-none-eabi/10.3.1/../../../../arm-none-eabi/lib/thumb/v7-m/nofp/libc_nano.a(lib_a-init.o)
__init_array_start                                /Applications/ARM/bin/../lib/gcc/arm-none-eabi/10.3.1/../../../../arm-none-eabi/lib/thumb/v7-m/nofp/libc_nano.a(lib_a-init.o)
__libc_fini_array                                 /Applications/ARM/bin/../lib/gcc/arm-none-eabi/10.3.1/../../../../arm-none-eabi/lib/thumb/v7-m/nofp/crt0.o
__libc_init_array                                 /Applications/ARM/bin/../lib/gcc/arm-none-eabi/10.3.1/../../../../arm-none-eabi/lib/thumb/v7-m/nofp/libc_nano.a(lib_a-init.o)
                                                  /Applications/ARM/bin/../lib/gcc/arm-none-eabi/10.3.1/../../../../arm-none-eabi/lib/thumb/v7-m/nofp/crt0.o
__preinit_array_end                               /Applications/ARM/bin/../lib/gcc/arm-none-eabi/10.3.1/../../../../arm-none-eabi/lib/thumb/v7-m/nofp/libc_nano.a(lib_a-init.o)
__preinit_array_start                             /Applications/ARM/bin/../lib/gcc/arm-none-eabi/10.3.1/../../../../arm-none-eabi/lib/thumb/v7-m/nofp/libc_nano.a(lib_a-init.o)
__register_frame_info                             /Applications/ARM/bin/../lib/gcc/arm-none-eabi/10.3.1/thumb/v7-m/nofp/crtbegin.o
__sf_fake_stderr                                  /Applications/ARM/bin/../lib/gcc/arm-none-eabi/10.3.1/../../../../arm-none-eabi/lib/thumb/v7-m/nofp/libc_nano.a(lib_a-impure.o)
__sf_fake_stdin                                   /Applications/ARM/bin/../lib/gcc/arm-none-eabi/10.3.1/../../../../arm-none-eabi/lib/thumb/v7-m/nofp/libc_nano.a(lib_a-impure.o)
__sf_fake_stdout                                  /Applications/ARM/bin/../lib/gcc/arm-none-eabi/10.3.1/../../../../arm-none-eabi/lib/thumb/v7-m/nofp/libc_nano.a(lib_a-impure.o)
__stack                                           /Applications/ARM/bin/../lib/gcc/arm-none-eabi/10.3.1/../../../../arm-none-eabi/lib/thumb/v7-m/nofp/crt0.o
__stack_end__                                     dbg/startup_stm32l1xx.o
_exit                                             /Applications/ARM/bin/../lib/gcc/arm-none-eabi/10.3.1/../../../../arm-none-eabi/lib/thumb/v7-m/nofp/libnosys.a(_exit.o)
                                                  /Applications/ARM/bin/../lib/gcc/arm-none-eabi/10.3.1/../../../../arm-none-eabi/lib/thumb/v7-m/nofp/libc_nano.a(lib_a-exit.o)
_fini                                             /Applications/ARM/bin/../lib/gcc/arm-none-eabi/10.3.1/thumb/v7-m/nofp/crti.o
_global_impure_ptr                                /Applications/ARM/bin/../lib/gcc/arm-none-eabi/10.3.1/../../../../arm-none-eabi/lib/thumb/v7-m/nofp/libc_nano.a(lib_a-impure.o)
                                                  /Applications/ARM/bin/../lib/gcc/arm-none-eabi/10.3.1/../../../../arm-none-eabi/lib/thumb/v7-m/nofp/libc_nano.a(lib_a-exit.o)
_impure_ptr                                       /Applications/ARM/bin/../lib/gcc/arm-none-eabi/10.3.1/../../../../arm-none-eabi/lib/thumb/v7-m/nofp/libc_nano.a(lib_a-impure.o)
_init                                             /Applications/ARM/bin/../lib/gcc/arm-none-eabi/10.3.1/thumb/v7-m/nofp/crti.o
                                                  /Applications/ARM/bin/../lib/gcc/arm-none-eabi/10.3.1/../../../../arm-none-eabi/lib/thumb/v7-m/nofp/libc_nano.a(lib_a-init.o)
_mainCRTStartup                                   /Applications/ARM/bin/../lib/gcc/arm-none-eabi/10.3.1/../../../../arm-none-eabi/lib/thumb/v7-m/nofp/crt0.o
_stack_init                                       /Applications/ARM/bin/../lib/gcc/arm-none-eabi/10.3.1/../../../../arm-none-eabi/lib/thumb/v7-m/nofp/crt0.o
_start                                            /Applications/ARM/bin/../lib/gcc/arm-none-eabi/10.3.1/../../../../arm-none-eabi/lib/thumb/v7-m/nofp/crt0.o
assert_failed                                     dbg/startup_stm32l1xx.o
atexit                                            /Applications/ARM/bin/../lib/gcc/arm-none-eabi/10.3.1/../../../../arm-none-eabi/lib/thumb/v7-m/nofp/crt0.o
exit                                              /Applications/ARM/bin/../lib/gcc/arm-none-eabi/10.3.1/../../../../arm-none-eabi/lib/thumb/v7-m/nofp/libc_nano.a(lib_a-exit.o)
                                                  /Applications/ARM/bin/../lib/gcc/arm-none-eabi/10.3.1/../../../../arm-none-eabi/lib/thumb/v7-m/nofp/crt0.o
g_pfnVectors                                      dbg/startup_stm32l1xx.o
hardware_init_hook                                /Applications/ARM/bin/../lib/gcc/arm-none-eabi/10.3.1/../../../../arm-none-eabi/lib/thumb/v7-m/nofp/crt0.o
main                                              dbg/main.o
                                                  dbg/startup_stm32l1xx.o
                                                  /Applications/ARM/bin/../lib/gcc/arm-none-eabi/10.3.1/../../../../arm-none-eabi/lib/thumb/v7-m/nofp/crt0.o
memset                                            /Applications/ARM/bin/../lib/gcc/arm-none-eabi/10.3.1/../../../../arm-none-eabi/lib/thumb/v7-m/nofp/libc_nano.a(lib_a-memset.o)
                                                  /Applications/ARM/bin/../lib/gcc/arm-none-eabi/10.3.1/../../../../arm-none-eabi/lib/thumb/v7-m/nofp/crt0.o
software_init_hook                                dbg/startup_stm32l1xx.o
                                                  /Applications/ARM/bin/../lib/gcc/arm-none-eabi/10.3.1/../../../../arm-none-eabi/lib/thumb/v7-m/nofp/crt0.o
