Archive member included to satisfy reference by file (symbol)

/Applications/ARM/bin/../lib/gcc/arm-none-eabi/10.3.1/../../../../arm-none-eabi/lib/thumb/v7-m/nofp/libc_nano.a(lib_a-exit.o)
                              /Applications/ARM/bin/../lib/gcc/arm-none-eabi/10.3.1/../../../../arm-none-eabi/lib/thumb/v7-m/nofp/crt0.o (exit)
/Applications/ARM/bin/../lib/gcc/arm-none-eabi/10.3.1/../../../../arm-none-eabi/lib/thumb/v7-m/nofp/libc_nano.a(lib_a-impure.o)
                              /Applications/ARM/bin/../lib/gcc/arm-none-eabi/10.3.1/../../../../arm-none-eabi/lib/thumb/v7-m/nofp/libc_nano.a(lib_a-exit.o) (_global_impure_ptr)
/Applications/ARM/bin/../lib/gcc/arm-none-eabi/10.3.1/../../../../arm-none-eabi/lib/thumb/v7-m/nofp/libc_nano.a(lib_a-init.o)
                              /Applications/ARM/bin/../lib/gcc/arm-none-eabi/10.3.1/../../../../arm-none-eabi/lib/thumb/v7-m/nofp/crt0.o (__libc_init_array)
/Applications/ARM/bin/../lib/gcc/arm-none-eabi/10.3.1/../../../../arm-none-eabi/lib/thumb/v7-m/nofp/libc_nano.a(lib_a-memset.o)
                              /Applications/ARM/bin/../lib/gcc/arm-none-eabi/10.3.1/../../../../arm-none-eabi/lib/thumb/v7-m/nofp/crt0.o (memset)
/Applications/ARM/bin/../lib/gcc/arm-none-eabi/10.3.1/../../../../arm-none-eabi/lib/thumb/v7-m/nofp/libnosys.a(_exit.o)
                              /Applications/ARM/bin/../lib/gcc/arm-none-eabi/10.3.1/../../../../arm-none-eabi/lib/thumb/v7-m/nofp/libc_nano.a(lib_a-exit.o) (_exit)

Discarded input sections

 .text          0x0000000000000000        0x0 /Applications/ARM/bin/../lib/gcc/arm-none-eabi/10.3.1/thumb/v7-m/nofp/crti.o
 .data          0x0000000000000000        0x0 /Applications/ARM/bin/../lib/gcc/arm-none-eabi/10.3.1/thumb/v7-m/nofp/crti.o
 .bss           0x0000000000000000        0x0 /Applications/ARM/bin/../lib/gcc/arm-none-eabi/10.3.1/thumb/v7-m/nofp/crti.o
 .data          0x0000000000000000        0x4 /Applications/ARM/bin/../lib/gcc/arm-none-eabi/10.3.1/thumb/v7-m/nofp/crtbegin.o
 .rodata        0x0000000000000000       0x24 /Applications/ARM/bin/../lib/gcc/arm-none-eabi/10.3.1/thumb/v7-m/nofp/crtbegin.o
 .text          0x0000000000000000       0x7c /Applications/ARM/bin/../lib/gcc/arm-none-eabi/10.3.1/../../../../arm-none-eabi/lib/thumb/v7-m/nofp/crt0.o
 .data          0x0000000000000000        0x0 /Applications/ARM/bin/../lib/gcc/arm-none-eabi/10.3.1/../../../../arm-none-eabi/lib/thumb/v7-m/nofp/crt0.o
 .bss           0x0000000000000000        0x0 /Applications/ARM/bin/../lib/gcc/arm-none-eabi/10.3.1/../../../../arm-none-eabi/lib/thumb/v7-m/nofp/crt0.o
 .ARM.extab     0x0000000000000000        0x0 /Applications/ARM/bin/../lib/gcc/arm-none-eabi/10.3.1/../../../../arm-none-eabi/lib/thumb/v7-m/nofp/crt0.o
 .ARM.exidx     0x0000000000000000       0x10 /Applications/ARM/bin/../lib/gcc/arm-none-eabi/10.3.1/../../../../arm-none-eabi/lib/thumb/v7-m/nofp/crt0.o
 .ARM.attributes
                0x0000000000000000       0x1b /Applications/ARM/bin/../lib/gcc/arm-none-eabi/10.3.1/../../../../arm-none-eabi/lib/thumb/v7-m/nofp/crt0.o
 .text          0x0000000000000000        0x0 spy/bsp.o
 .data          0x0000000000000000        0x0 spy/bsp.o
 .bss           0x0000000000000000        0x0 spy/bsp.o
 .text.BSP_randomSeed
                0x0000000000000000        0xc spy/bsp.o
 .text.BSP_terminate
                0x0000000000000000        0x2 spy/bsp.o
 .text.QF_onCleanup
                0x0000000000000000        0x2 spy/bsp.o
 .text          0x0000000000000000        0x0 spy/main.o
 .data          0x0000000000000000        0x0 spy/main.o
 .bss           0x0000000000000000        0x0 spy/main.o
 .text          0x0000000000000000        0x0 spy/philo.o
 .data          0x0000000000000000        0x0 spy/philo.o
 .bss           0x0000000000000000        0x0 spy/philo.o
 .text          0x0000000000000000        0x0 spy/table.o
 .data          0x0000000000000000        0x0 spy/table.o
 .bss           0x0000000000000000        0x0 spy/table.o
 .text          0x0000000000000000        0x0 spy/system_stm32l1xx.o
 .data          0x0000000000000000        0x0 spy/system_stm32l1xx.o
 .bss           0x0000000000000000        0x0 spy/system_stm32l1xx.o
 .text          0x0000000000000000        0x0 spy/startup_stm32l1xx.o
 .data          0x0000000000000000        0x0 spy/startup_stm32l1xx.o
 .bss           0x0000000000000000        0x0 spy/startup_stm32l1xx.o
 .text          0x0000000000000000        0x0 spy/qep_hsm.o
 .data          0x0000000000000000        0x0 spy/qep_hsm.o
 .bss           0x0000000000000000        0x0 spy/qep_hsm.o
 .text.QHsm_isIn
                0x0000000000000000       0x40 spy/qep_hsm.o
 .text.QHsm_childState_
                0x0000000000000000       0x3c spy/qep_hsm.o
 .rodata.QP_versionStr
                0x0000000000000000        0x7 spy/qep_hsm.o
 .text          0x0000000000000000        0x0 spy/qep_msm.o
 .data          0x0000000000000000        0x0 spy/qep_msm.o
[...]
Memory Configuration

Name             Origin             Length             Attributes
ROM              0x0000000008000000 0x0000000000080000 xr
RAM              0x0000000020000000 0x0000000000014000 xrw
*default*        0x0000000000000000 0xffffffffffffffff

Linker script and memory map

LOAD /Applications/ARM/bin/../lib/gcc/arm-none-eabi/10.3.1/thumb/v7-m/nofp/crti.o
LOAD /Applications/ARM/bin/../lib/gcc/arm-none-eabi/10.3.1/thumb/v7-m/nofp/crtbegin.o
LOAD /Applications/ARM/bin/../lib/gcc/arm-none-eabi/10.3.1/../../../../arm-none-eabi/lib/thumb/v7-m/nofp/crt0.o
LOAD spy/bsp.o
LOAD spy/main.o
LOAD spy/philo.o
LOAD spy/table.o
LOAD spy/system_stm32l1xx.o
LOAD spy/startup_stm32l1xx.o
LOAD spy/qep_hsm.o
LOAD spy/qep_msm.o
LOAD spy/qf_act.o
LOAD spy/qf_actq.o
LOAD spy/qf_defer.o
LOAD spy/qf_dyn.o
LOAD spy/qf_mem.o
LOAD spy/qf_ps.o
LOAD spy/qf_qact.o
LOAD spy/qf_qeq.o
LOAD spy/qf_qmact.o
LOAD spy/qf_time.o
LOAD spy/qv.o
LOAD spy/qv_port.o
LOAD spy/qs.o
LOAD spy/qs_rx.o
LOAD spy/qs_fp.o
LOAD spy/qstamp.o
START GROUP
LOAD /Applications/ARM/bin/../lib/gcc/arm-none-eabi/10.3.1/thumb/v7-m/nofp/libgcc.a
LOAD /Applications/ARM/bin/../lib/gcc/arm-none-eabi/10.3.1/../../../../arm-none-eabi/lib/thumb/v7-m/nofp/libc_nano.a
END GROUP
START GROUP
LOAD /Applications/ARM/bin/../lib/gcc/arm-none-eabi/10.3.1/thumb/v7-m/nofp/libgcc.a
LOAD /Applications/ARM/bin/../lib/gcc/arm-none-eabi/10.3.1/../../../../arm-none-eabi/lib/thumb/v7-m/nofp/libc_nano.a
LOAD /Applications/ARM/bin/../lib/gcc/arm-none-eabi/10.3.1/../../../../arm-none-eabi/lib/thumb/v7-m/nofp/libnosys.a
END GROUP
START GROUP
LOAD /Applications/ARM/bin/../lib/gcc/arm-none-eabi/10.3.1/thumb/v7-m/nofp/libgcc.a
LOAD /Applications/ARM/bin/../lib/gcc/arm-none-eabi/10.3.1/../../../../arm-none-eabi/lib/thumb/v7-m/nofp/libc_nano.a
LOAD /Applications/ARM/bin/../lib/gcc/arm-none-eabi/10.3.1/../../../../arm-none-eabi/lib/thumb/v7-m/nofp/libnosys.a
END GROUP
LOAD /Applications/ARM/bin/../lib/gcc/arm-none-eabi/10.3.1/thumb/v7-m/nofp/crtend.o
LOAD /Applications/ARM/bin/../lib/gcc/arm-none-eabi/10.3.1/thumb/v7-m/nofp/crtn.o
                0x0000000000000400                STACK_SIZE = 0x400
                0x0000000000000000                HEAP_SIZE = 0x0

.isr_vector     0x0000000008000000      0x124
 *(.isr_vector)
 .isr_vector    0x0000000008000000      0x124 spy/startup_stm32l1xx.o
                0x0000000008000000                g_pfnVectors
                0x0000000008000124                . = ALIGN (0x4)

.eh_frame       0x0000000008000124        0x0
 .eh_frame      0x0000000008000124        0x0 /Applications/ARM/bin/../lib/gcc/arm-none-eabi/10.3.1/thumb/v7-m/nofp/crtbegin.o

.text           0x0000000008000124     0x4224
                0x0000000008000124                . = ALIGN (0x4)
 *(.text)
 .text          0x0000000008000124       0x40 /Applications/ARM/bin/../lib/gcc/arm-none-eabi/10.3.1/thumb/v7-m/nofp/crtbegin.o
 *(.text*)
 .text.__NVIC_SystemReset
                0x0000000008000164       0x24 spy/bsp.o
 .text.SysTick_Handler
                0x0000000008000188       0x78 spy/bsp.o
                0x0000000008000188                SysTick_Handler
 .text.USART2_IRQHandler
                0x0000000008000200       0x24 spy/bsp.o
                0x0000000008000200                USART2_IRQHandler
 .text.BSP_displayPaused
                0x0000000008000224        0x2 spy/bsp.o
                0x0000000008000224                BSP_displayPaused
 *fill*         0x0000000008000226        0x2 
 .text.BSP_random
                0x0000000008000228       0x18 spy/bsp.o
                0x0000000008000228                BSP_random
 .text.QF_onStartup
                0x0000000008000240       0x4c spy/bsp.o
                0x0000000008000240                QF_onStartup
 .text.QV_onIdle
                0x000000000800028c       0x40 spy/bsp.o
                0x000000000800028c                QV_onIdle
 .text.Q_onAssert
                0x00000000080002cc        0xe spy/bsp.o
                0x00000000080002cc                Q_onAssert
 *fill*         0x00000000080002da        0x2 
 .text.QS_onStartup
                0x00000000080002dc       0xb8 spy/bsp.o
                0x00000000080002dc                QS_onStartup
 .text.BSP_init
                0x0000000008000394       0xc8 spy/bsp.o
                0x0000000008000394                BSP_init
 .text.QS_onCleanup
                0x000000000800045c        0x2 spy/bsp.o
                0x000000000800045c                QS_onCleanup
 *fill*         0x000000000800045e        0x2 
 .text.QS_onGetTime
                0x0000000008000460       0x28 spy/bsp.o
                0x0000000008000460                QS_onGetTime
 .text.BSP_displayPhilStat
                0x0000000008000488       0x90 spy/bsp.o
                0x0000000008000488                BSP_displayPhilStat
 .text.QS_onFlush
                0x0000000008000518       0x44 spy/bsp.o
                0x0000000008000518                QS_onFlush
 .text.QS_onReset
                0x000000000800055c        0x6 spy/bsp.o
                0x000000000800055c                QS_onReset
 .text.QS_onCommand
                0x0000000008000562        0x2 spy/bsp.o
                0x0000000008000562                QS_onCommand
 .text.main     0x0000000008000564       0xf4 spy/main.o
                0x0000000008000564                main
 .text.Philo_initial
                0x0000000008000658      0x11c spy/philo.o
 .text.Philo_eating
                0x0000000008000774       0xb0 spy/philo.o
 .text.Philo_hungry
                0x0000000008000824       0xa4 spy/philo.o
 .text.Philo_thinking
                0x00000000080008c8       0x98 spy/philo.o
 .text.Philo_ctor
                0x0000000008000960       0x38 spy/philo.o
                0x0000000008000960                Philo_ctor
 .text.Table_initial
                0x0000000008000998       0xec spy/table.o
 .text.Table_paused
                0x0000000008000a84       0xe4 spy/table.o
 .text.Table_active
                0x0000000008000b68       0x28 spy/table.o
 .text.Table_serving
                0x0000000008000b90      0x274 spy/table.o
 .text.Table_ctor
                0x0000000008000e04       0x40 spy/table.o
                0x0000000008000e04                Table_ctor
 .text.SystemInit
                0x0000000008000e44       0x48 spy/system_stm32l1xx.o
                0x0000000008000e44                SystemInit
 .text.SystemCoreClockUpdate
                0x0000000008000e8c       0xbc spy/system_stm32l1xx.o
                0x0000000008000e8c                SystemCoreClockUpdate
 .text.NMI_Handler
                0x0000000008000f48       0x14 spy/startup_stm32l1xx.o
                0x0000000008000f48                NMI_Handler
 .text.MemManage_Handler
                0x0000000008000f5c       0x18 spy/startup_stm32l1xx.o
                0x0000000008000f5c                MemManage_Handler
 .text.HardFault_Handler
                0x0000000008000f74       0x18 spy/startup_stm32l1xx.o
                0x0000000008000f74                HardFault_Handler
 .text.BusFault_Handler
                0x0000000008000f8c       0x18 spy/startup_stm32l1xx.o
                0x0000000008000f8c                BusFault_Handler
 .text.UsageFault_Handler
                0x0000000008000fa4       0x1c spy/startup_stm32l1xx.o
                0x0000000008000fa4                UsageFault_Handler
 .text.Default_Handler
                0x0000000008000fc0       0x18 spy/startup_stm32l1xx.o
                0x0000000008000fc0                DMA2_Channel3_IRQHandler
                0x0000000008000fc0                EXTI2_IRQHandler
                0x0000000008000fc0                COMP_ACQ_IRQHandler
                0x0000000008000fc0                DebugMon_Handler
                0x0000000008000fc0                TIM10_IRQHandler
                0x0000000008000fc0                USB_HP_IRQHandler
                0x0000000008000fc0                TIM6_IRQHandler
                0x0000000008000fc0                PVD_IRQHandler
                0x0000000008000fc0                SDIO_IRQHandler
                0x0000000008000fc0                PendSV_Handler
                0x0000000008000fc0                EXTI3_IRQHandler
                0x0000000008000fc0                EXTI0_IRQHandler
                0x0000000008000fc0                I2C2_EV_IRQHandler
                0x0000000008000fc0                SPI1_IRQHandler
                0x0000000008000fc0                USB_FS_WKUP_IRQHandler
                0x0000000008000fc0                DMA2_Channel2_IRQHandler
                0x0000000008000fc0                DMA1_Channel4_IRQHandler
                0x0000000008000fc0                ADC1_IRQHandler
                0x0000000008000fc0                USART3_IRQHandler
                0x0000000008000fc0                DMA1_Channel7_IRQHandler
                0x0000000008000fc0                LCD_IRQHandler
                0x0000000008000fc0                UART5_IRQHandler
                0x0000000008000fc0                TIM4_IRQHandler
                0x0000000008000fc0                DMA2_Channel1_IRQHandler
                0x0000000008000fc0                I2C1_EV_IRQHandler
                0x0000000008000fc0                DMA1_Channel6_IRQHandler
                0x0000000008000fc0                UART4_IRQHandler
                0x0000000008000fc0                DMA2_Channel4_IRQHandler
                0x0000000008000fc0                TIM3_IRQHandler
                0x0000000008000fc0                RCC_IRQHandler
                0x0000000008000fc0                DMA1_Channel1_IRQHandler
                0x0000000008000fc0                Default_Handler
                0x0000000008000fc0                EXTI15_10_IRQHandler
                0x0000000008000fc0                TIM7_IRQHandler
                0x0000000008000fc0                TIM5_IRQHandler
                0x0000000008000fc0                EXTI9_5_IRQHandler
                0x0000000008000fc0                TIM9_IRQHandler
                0x0000000008000fc0                TAMPER_STAMP_IRQHandler
                0x0000000008000fc0                RTC_WKUP_IRQHandler
                0x0000000008000fc0                SPI2_IRQHandler
                0x0000000008000fc0                SVC_Handler
                0x0000000008000fc0                DMA2_Channel5_IRQHandler
                0x0000000008000fc0                DMA1_Channel5_IRQHandler
                0x0000000008000fc0                USB_LP_IRQHandler
                0x0000000008000fc0                EXTI4_IRQHandler
                0x0000000008000fc0                DMA1_Channel3_IRQHandler
                0x0000000008000fc0                COMP_IRQHandler
                0x0000000008000fc0                WWDG_IRQHandler
                0x0000000008000fc0                TIM2_IRQHandler
                0x0000000008000fc0                DAC_IRQHandler
                0x0000000008000fc0                EXTI1_IRQHandler
                0x0000000008000fc0                AES_IRQHandler
                0x0000000008000fc0                TIM11_IRQHandler
                0x0000000008000fc0                I2C2_ER_IRQHandler
                0x0000000008000fc0                DMA1_Channel2_IRQHandler
                0x0000000008000fc0                FLASH_IRQHandler
                0x0000000008000fc0                USART1_IRQHandler
                0x0000000008000fc0                SPI3_IRQHandler
                0x0000000008000fc0                I2C1_ER_IRQHandler
                0x0000000008000fc0                RTC_Alarm_IRQHandler
 .text.assert_failed
                0x0000000008000fd8        0xc spy/startup_stm32l1xx.o
                0x0000000008000fd8                assert_failed
 .text.Reset_Handler
                0x0000000008000fe4       0x84 spy/startup_stm32l1xx.o
                0x0000000008000fe4                Reset_Handler
 .text.QHsm_top
                0x0000000008001068        0x4 spy/qep_hsm.o
                0x0000000008001068                QHsm_top
 .text.QHsm_getStateHandler_
                0x000000000800106c        0x4 spy/qep_hsm.o
                0x000000000800106c                QHsm_getStateHandler_
 .text.QHsm_init_
                0x0000000008001070      0x1e4 spy/qep_hsm.o
                0x0000000008001070                QHsm_init_
 .text.QHsm_dispatch_
                0x0000000008001254      0x704 spy/qep_hsm.o
                0x0000000008001254                QHsm_dispatch_
 .text.QHsm_ctor
                0x0000000008001958       0x14 spy/qep_hsm.o
                0x0000000008001958                QHsm_ctor
 .text.QF_add_  0x000000000800196c       0x3c spy/qf_act.o
                0x000000000800196c                QF_add_
 .text.QF_bzero
                0x00000000080019a8       0x12 spy/qf_act.o
                0x00000000080019a8                QF_bzero
 *fill*         0x00000000080019ba        0x2 
 .text.QActive_post_
                0x00000000080019bc      0x190 spy/qf_actq.o
                0x00000000080019bc                QActive_post_
 .text.QActive_postLIFO_
                0x0000000008001b4c       0xe0 spy/qf_actq.o
                0x0000000008001b4c                QActive_postLIFO_
 .text.QActive_get_
                0x0000000008001c2c      0x108 spy/qf_actq.o
                0x0000000008001c2c                QActive_get_
 .text.QF_poolInit
                0x0000000008001d34       0x88 spy/qf_dyn.o
                0x0000000008001d34                QF_poolInit
 .text.QF_newX_
                0x0000000008001dbc      0x134 spy/qf_dyn.o
                0x0000000008001dbc                QF_newX_
 .text.QF_gc    0x0000000008001ef0       0xf8 spy/qf_dyn.o
                0x0000000008001ef0                QF_gc
 .text.QF_poolGetMaxBlockSize
                0x0000000008001fe8       0x1c spy/qf_dyn.o
                0x0000000008001fe8                QF_poolGetMaxBlockSize
 .text.QMPool_init
                0x0000000008002004       0x90 spy/qf_mem.o
                0x0000000008002004                QMPool_init
 .text.QMPool_put
                0x0000000008002094       0x8c spy/qf_mem.o
                0x0000000008002094                QMPool_put
 .text.QMPool_get
                0x0000000008002120      0x12c spy/qf_mem.o
                0x0000000008002120                QMPool_get
 .text.QF_psInit
                0x000000000800224c       0x1c spy/qf_ps.o
                0x000000000800224c                QF_psInit
 .text.QF_publish_
                0x0000000008002268       0xec spy/qf_ps.o
                0x0000000008002268                QF_publish_
 .text.QActive_subscribe
                0x0000000008002354       0xac spy/qf_ps.o
                0x0000000008002354                QActive_subscribe
 .text.QActive_ctor
                0x0000000008002400       0x20 spy/qf_qact.o
                0x0000000008002400                QActive_ctor
 .text.QEQueue_init
                0x0000000008002420       0x1e spy/qf_qeq.o
                0x0000000008002420                QEQueue_init
 *fill*         0x000000000800243e        0x2 
 .text.QF_tickX_
                0x0000000008002440      0x198 spy/qf_time.o
                0x0000000008002440                QF_tickX_
 .text.QTimeEvt_ctorX
                0x00000000080025d8       0x2c spy/qf_time.o
                0x00000000080025d8                QTimeEvt_ctorX
 .text.QTimeEvt_armX
                0x0000000008002604       0xc4 spy/qf_time.o
                0x0000000008002604                QTimeEvt_armX
 .text.QTimeEvt_disarm
                0x00000000080026c8       0xe8 spy/qf_time.o
                0x00000000080026c8                QTimeEvt_disarm
 .text.QF_init  0x00000000080027b0       0x48 spy/qv.o
                0x00000000080027b0                QF_init
 .text.QF_run   0x00000000080027f8      0x128 spy/qv.o
                0x00000000080027f8                QF_run
 .text.QActive_start_
                0x0000000008002920       0x4c spy/qv.o
                0x0000000008002920                QActive_start_
 .text.QV_init  0x000000000800296c       0x54 spy/qv_port.o
                0x000000000800296c                QV_init
 .text.QS_glbFilter_
                0x00000000080029c0      0x30c spy/qs.o
                0x00000000080029c0                QS_glbFilter_
 .text.QS_locFilter_
                0x0000000008002ccc       0xc8 spy/qs.o
                0x0000000008002ccc                QS_locFilter_
 .text.QS_beginRec_
                0x0000000008002d94       0x78 spy/qs.o
                0x0000000008002d94                QS_beginRec_
 .text.QS_endRec_
                0x0000000008002e0c       0x78 spy/qs.o
                0x0000000008002e0c                QS_endRec_
 .text.QS_u8_fmt_
                0x0000000008002e84       0xa4 spy/qs.o
                0x0000000008002e84                QS_u8_fmt_
 .text.QS_u8_raw_
                0x0000000008002f28       0x60 spy/qs.o
                0x0000000008002f28                QS_u8_raw_
 .text.QS_2u8_raw_
                0x0000000008002f88       0xa4 spy/qs.o
                0x0000000008002f88                QS_2u8_raw_
 .text.QS_u16_raw_
                0x000000000800302c       0xa8 spy/qs.o
                0x000000000800302c                QS_u16_raw_
 .text.QS_target_info_pre_
                0x00000000080030d4      0x160 spy/qs.o
                0x00000000080030d4                QS_target_info_pre_
 .text.QS_initBuf
                0x0000000008003234       0x54 spy/qs.o
                0x0000000008003234                QS_initBuf
 .text.QS_u32_raw_
                0x0000000008003288       0x70 spy/qs.o
                0x0000000008003288                QS_u32_raw_
 .text.QS_obj_raw_
                0x00000000080032f8        0x8 spy/qs.o
                0x00000000080032f8                QS_obj_raw_
 .text.QS_str_raw_
                0x0000000008003300       0x58 spy/qs.o
                0x0000000008003300                QS_str_raw_
 .text.QS_getByte
                0x0000000008003358       0x2c spy/qs.o
                0x0000000008003358                QS_getByte
 .text.QS_sig_dict_pre_
                0x0000000008003384       0x42 spy/qs.o
                0x0000000008003384                QS_sig_dict_pre_
 .text.QS_obj_dict_pre_
                0x00000000080033c6       0x3a spy/qs.o
                0x00000000080033c6                QS_obj_dict_pre_
 .text.QS_fun_dict_pre_
                0x0000000008003400       0x3a spy/qs.o
                0x0000000008003400                QS_fun_dict_pre_
 .text.QS_usr_dict_pre_
                0x000000000800343a       0x30 spy/qs.o
                0x000000000800343a                QS_usr_dict_pre_
 *fill*         0x000000000800346a        0x2 
 .text.QS_str_fmt_
                0x000000000800346c       0x64 spy/qs.o
                0x000000000800346c                QS_str_fmt_
 .text.QS_ASSERTION
                0x00000000080034d0       0x6c spy/qs.o
                0x00000000080034d0                QS_ASSERTION
 .text.QS_rxReportError_
                0x000000000800353c       0x28 spy/qs_rx.o
 .text.QS_rxReportAck_
                0x0000000008003564       0x26 spy/qs_rx.o
 .text.QS_rxReportDone_
                0x000000000800358a       0x2e spy/qs_rx.o
 .text.QS_rxParseData_
                0x00000000080035b8      0x4ac spy/qs_rx.o
 .text.QS_rxInitBuf
                0x0000000008003a64       0x48 spy/qs_rx.o
                0x0000000008003a64                QS_rxInitBuf
 .text.QS_RX_PUT
                0x0000000008003aac       0x30 spy/qs_rx.o
                0x0000000008003aac                QS_RX_PUT
 .text.QS_queryCurrObj
                0x0000000008003adc       0xc4 spy/qs_rx.o
                0x0000000008003adc                QS_queryCurrObj
 .text.QS_rxParse
                0x0000000008003ba0      0x458 spy/qs_rx.o
                0x0000000008003ba0                QS_rxParse
 *(.rodata)
 *(.rodata*)
 .rodata.BSP_init.str1.4
                0x0000000008003ff8       0x1f spy/bsp.o
 *fill*         0x0000000008004017        0x1 
 .rodata.Q_this_module_
                0x0000000008004018        0x9 spy/bsp.o
 *fill*         0x0000000008004021        0x3 
 .rodata.l_SysTick_Handler
                0x0000000008004024        0x1 spy/bsp.o
 *fill*         0x0000000008004025        0x3 
 .rodata.pauseEvt.3
                0x0000000008004028        0x4 spy/bsp.o
 .rodata.serveEvt.2
                0x000000000800402c        0x4 spy/bsp.o
 .rodata.main.str1.4
                0x0000000008004030       0x48 spy/main.o
 .rodata.Q_this_module_
                0x0000000008004078        0xa spy/main.o
 *fill*         0x0000000008004082        0x2 
 .rodata.Philo_initial.str1.4
                0x0000000008004084      0x120 spy/philo.o
 .rodata.AO_Philo
                0x00000000080041a4       0x14 spy/philo.o
                0x00000000080041a4                AO_Philo
 .rodata.Q_this_module_
                0x00000000080041b8        0xe spy/philo.o
 *fill*         0x00000000080041c6        0x2 
 .rodata.Table_initial.str1.4
                0x00000000080041c8       0x7e spy/table.o
                                         0x8a (size before relaxing)
 *fill*         0x0000000008004246        0x2 
 .rodata.Table_paused.str1.4
                0x0000000008004248        0x9 spy/table.o
 *fill*         0x0000000008004251        0x3 
 .rodata.Table_serving.str1.4
                0x0000000008004254        0x9 spy/table.o
 *fill*         0x000000000800425d        0x3 
 .rodata.AO_Table
                0x0000000008004260        0x4 spy/table.o
                0x0000000008004260                AO_Table
 .rodata.Q_this_module_
                0x0000000008004264        0xe spy/table.o
 *fill*         0x0000000008004272        0x2 
 .rodata.Reset_Handler.str1.4
                0x0000000008004274        0xe spy/startup_stm32l1xx.o
 *fill*         0x0000000008004282        0x2 
 .rodata.QEP_reservedEvt_
                0x0000000008004284       0x10 spy/qep_hsm.o
 .rodata.Q_this_module_
                0x0000000008004294        0x8 spy/qep_hsm.o
 .rodata.vtable.0
                0x000000000800429c        0xc spy/qep_hsm.o
 .rodata.Q_this_module_
                0x00000000080042a8        0x7 spy/qf_act.o
 *fill*         0x00000000080042af        0x1 
 .rodata.Q_this_module_
                0x00000000080042b0        0x8 spy/qf_actq.o
 .rodata.QF_poolInit.str1.4
                0x00000000080042b8        0x9 spy/qf_dyn.o
 *fill*         0x00000000080042c1        0x3 
 .rodata.Q_this_module_
                0x00000000080042c4        0x7 spy/qf_dyn.o
 *fill*         0x00000000080042cb        0x1 
 .rodata.Q_this_module_
                0x00000000080042cc        0x7 spy/qf_mem.o
 *fill*         0x00000000080042d3        0x1 
 .rodata.Q_this_module_
                0x00000000080042d4        0x6 spy/qf_ps.o
 *fill*         0x00000000080042da        0x2 
 .rodata.vtable.0
                0x00000000080042dc       0x18 spy/qf_qact.o
 .rodata.Q_this_module_
                0x00000000080042f4        0x8 spy/qf_time.o
 .rodata.Q_this_module_
                0x00000000080042fc        0x3 spy/qv.o
 *fill*         0x00000000080042ff        0x1 
 .rodata.QS_ASSERTION.str1.4
                0x0000000008004300        0x2 spy/qs.o
 *fill*         0x0000000008004302        0x2 
 .rodata.Q_this_module_
                0x0000000008004304        0x3 spy/qs.o
 *fill*         0x0000000008004307        0x1 
 .rodata.QS_rxInitBuf.str1.4
                0x0000000008004308        0x6 spy/qs_rx.o
 *fill*         0x000000000800430e        0x2 
 .rodata.Q_this_module_
                0x0000000008004310        0x6 spy/qs_rx.o
 *fill*         0x0000000008004316        0x2 
 .rodata.Q_BUILD_DATE
                0x0000000008004318        0xc spy/qstamp.o
                0x0000000008004318                Q_BUILD_DATE
 .rodata.Q_BUILD_TIME
                0x0000000008004324        0x9 spy/qstamp.o
                0x0000000008004324                Q_BUILD_TIME
 *(.init)
 *fill*         0x000000000800432d        0x3 
 .init          0x0000000008004330        0x4 /Applications/ARM/bin/../lib/gcc/arm-none-eabi/10.3.1/thumb/v7-m/nofp/crti.o
                0x0000000008004330                _init
 .init          0x0000000008004334        0x8 /Applications/ARM/bin/../lib/gcc/arm-none-eabi/10.3.1/thumb/v7-m/nofp/crtn.o
 *(.fini)
 .fini          0x000000000800433c        0x4 /Applications/ARM/bin/../lib/gcc/arm-none-eabi/10.3.1/thumb/v7-m/nofp/crti.o
                0x000000000800433c                _fini
 .fini          0x0000000008004340        0x8 /Applications/ARM/bin/../lib/gcc/arm-none-eabi/10.3.1/thumb/v7-m/nofp/crtn.o
                0x0000000008004348                . = ALIGN (0x4)

.glue_7         0x0000000008004348        0x0
 .glue_7        0x0000000008004348        0x0 linker stubs

.glue_7t        0x0000000008004348        0x0
 .glue_7t       0x0000000008004348        0x0 linker stubs

.vfp11_veneer   0x0000000008004348        0x0
 .vfp11_veneer  0x0000000008004348        0x0 linker stubs

.v4_bx          0x0000000008004348        0x0
 .v4_bx         0x0000000008004348        0x0 linker stubs

.iplt           0x0000000008004348        0x0
 .iplt          0x0000000008004348        0x0 /Applications/ARM/bin/../lib/gcc/arm-none-eabi/10.3.1/thumb/v7-m/nofp/crtbegin.o

.rel.dyn        0x0000000008004348        0x0
 .rel.iplt      0x0000000008004348        0x0 /Applications/ARM/bin/../lib/gcc/arm-none-eabi/10.3.1/thumb/v7-m/nofp/crtbegin.o

.preinit_array  0x0000000008004348        0x0
                0x0000000008004348                PROVIDE (__preinit_array_start = .)
 *(.preinit_array*)
                0x0000000008004348                PROVIDE (__preinit_array_end = .)

.init_array     0x0000000008004348        0x4
                0x0000000008004348                PROVIDE (__init_array_start = .)
 *(SORT_BY_NAME(.init_array.*))
 *(.init_array*)
 .init_array    0x0000000008004348        0x4 /Applications/ARM/bin/../lib/gcc/arm-none-eabi/10.3.1/thumb/v7-m/nofp/crtbegin.o
                0x000000000800434c                PROVIDE (__init_array_end = .)

.fini_array     0x000000000800434c        0x4
                [!provide]                        PROVIDE (__fini_array_start = .)
 *(.fini_array*)
 .fini_array    0x000000000800434c        0x4 /Applications/ARM/bin/../lib/gcc/arm-none-eabi/10.3.1/thumb/v7-m/nofp/crtbegin.o
 *(SORT_BY_NAME(.fini_array.*))
                [!provide]                        PROVIDE (__fini_array_end = .)
                0x0000000008004350                _etext = .

.stack          0x0000000020000000      0x400
                0x0000000020000000                __stack_start__ = .
                0x0000000020000400                . = (. + STACK_SIZE)
 *fill*         0x0000000020000000      0x400 
                0x0000000020000400                . = ALIGN (0x4)
                0x0000000020000400                __stack_end__ = .

.data           0x0000000020000400       0x28 load address 0x0000000008004350
                0x0000000008004350                __data_load = LOADADDR (.data)
                0x0000000020000400                __data_start = .
 *(.data)
 *(.data*)
 .data.buttons.4
                0x0000000020000400        0x8 spy/bsp.o
 .data.AHBPrescTable
                0x0000000020000408       0x10 spy/system_stm32l1xx.o
                0x0000000020000408                AHBPrescTable
 .data.PLLMulTable
                0x0000000020000418        0x9 spy/system_stm32l1xx.o
                0x0000000020000418                PLLMulTable
 *fill*         0x0000000020000421        0x3 
 .data.SystemCoreClock
                0x0000000020000424        0x4 spy/system_stm32l1xx.o
                0x0000000020000424                SystemCoreClock
                0x0000000020000428                . = ALIGN (0x4)
                0x0000000020000428                __data_end__ = .
                0x0000000020000428                _edata = __data_end__

.igot.plt       0x0000000020000428        0x0 load address 0x0000000008004378
 .igot.plt      0x0000000020000428        0x0 /Applications/ARM/bin/../lib/gcc/arm-none-eabi/10.3.1/thumb/v7-m/nofp/crtbegin.o

.bss            0x0000000020000428      0xc24 load address 0x0000000008004378
                0x0000000020000428                __bss_start__ = .
 *(.bss)
 .bss           0x0000000020000428       0x1c /Applications/ARM/bin/../lib/gcc/arm-none-eabi/10.3.1/thumb/v7-m/nofp/crtbegin.o
 *(.bss*)
 .bss.QS_tickPeriod_
                0x0000000020000444        0x4 spy/bsp.o
                0x0000000020000444                QS_tickPeriod_
 .bss.QS_tickTime_
                0x0000000020000448        0x4 spy/bsp.o
                0x0000000020000448                QS_tickTime_
 .bss.l_rnd     0x000000002000044c        0x4 spy/bsp.o
 .bss.qsBuf.1   0x0000000020000450      0x800 spy/bsp.o
 .bss.qsRxBuf.0
                0x0000000020000c50       0x80 spy/bsp.o
 .bss.philoQueueSto.1
                0x0000000020000cd0       0x64 spy/main.o
 .bss.smlPoolSto.2
                0x0000000020000d34       0x50 spy/main.o
 .bss.subscrSto.3
                0x0000000020000d84       0x24 spy/main.o
 .bss.tableQueueSto.0
                0x0000000020000da8       0x14 spy/main.o
 .bss.Philo_inst
                0x0000000020000dbc       0xf0 spy/philo.o
                0x0000000020000dbc                Philo_inst
 .bss.registered.0
                0x0000000020000eac        0x1 spy/philo.o
 *fill*         0x0000000020000ead        0x3 
 .bss.Table_inst
                0x0000000020000eb0       0x2c spy/table.o
                0x0000000020000eb0                Table_inst
 .bss.QF_active_
                0x0000000020000edc       0x84 spy/qf_act.o
                0x0000000020000edc                QF_active_
 .bss.QF_maxPool_
                0x0000000020000f60        0x4 spy/qf_dyn.o
                0x0000000020000f60                QF_maxPool_
 .bss.QF_pool_  0x0000000020000f64       0x3c spy/qf_dyn.o
                0x0000000020000f64                QF_pool_
 .bss.QF_maxPubSignal_
                0x0000000020000fa0        0x4 spy/qf_ps.o
                0x0000000020000fa0                QF_maxPubSignal_
 .bss.QF_subscrList_
                0x0000000020000fa4        0x4 spy/qf_ps.o
                0x0000000020000fa4                QF_subscrList_
 .bss.QF_timeEvtHead_
                0x0000000020000fa8       0x20 spy/qf_time.o
                0x0000000020000fa8                QF_timeEvtHead_
 .bss.QV_readySet_
                0x0000000020000fc8        0x4 spy/qv.o
                0x0000000020000fc8                QV_readySet_
 .bss.QS_priv_  0x0000000020000fcc       0x3c spy/qs.o
                0x0000000020000fcc                QS_priv_
 .bss.endian_test.0
                0x0000000020001008        0x2 spy/qs.o
 *fill*         0x000000002000100a        0x2 
 .bss.QS_rxPriv_
                0x000000002000100c       0x28 spy/qs_rx.o
                0x000000002000100c                QS_rxPriv_
 .bss.l_rx      0x0000000020001034       0x18 spy/qs_rx.o
 *(COMMON)
                0x000000002000104c                . = ALIGN (0x4)
                0x000000002000104c                _ebss = .
                0x000000002000104c                __bss_end__ = .
                0x000000002000104c                __exidx_start = .

.ARM.exidx
 *(.ARM.exidx* .gnu.linkonce.armexidx.*)
                0x000000002000104c                __exidx_end = .
                [!provide]                        PROVIDE (end = _ebss)
                [!provide]                        PROVIDE (_end = _ebss)
                [!provide]                        PROVIDE (__end__ = _ebss)

.heap           0x000000002000104c        0x0
                0x000000002000104c                __heap_start__ = .
                0x000000002000104c                . = (. + HEAP_SIZE)
                0x000000002000104c                . = ALIGN (0x4)
                0x000000002000104c                __heap_end__ = .

/DISCARD/
 libc.a(*)
 libm.a(*)
 libgcc.a(*)
OUTPUT(spy/dpp-qv.elf elf32-littlearm)
LOAD linker stubs
LOAD /Applications/ARM/bin/../lib/gcc/arm-none-eabi/10.3.1/../../../../arm-none-eabi/lib/thumb/v7-m/nofp/libc.a
LOAD /Applications/ARM/bin/../lib/gcc/arm-none-eabi/10.3.1/../../../../arm-none-eabi/lib/thumb/v7-m/nofp/libm.a
LOAD /Applications/ARM/bin/../lib/gcc/arm-none-eabi/10.3.1/thumb/v7-m/nofp/libgcc.a

.ARM.attributes
                0x0000000000000000       0x29
 .ARM.attributes
                0x0000000000000000       0x1d /Applications/ARM/bin/../lib/gcc/arm-none-eabi/10.3.1/thumb/v7-m/nofp/crti.o
 .ARM.attributes
                0x000000000000001d       0x2d /Applications/ARM/bin/../lib/gcc/arm-none-eabi/10.3.1/thumb/v7-m/nofp/crtbegin.o
 .ARM.attributes
                0x000000000000004a       0x2d spy/bsp.o
 .ARM.attributes
                0x0000000000000077       0x2d spy/main.o
 .ARM.attributes
                0x00000000000000a4       0x2d spy/philo.o
 .ARM.attributes
                0x00000000000000d1       0x2d spy/table.o
 .ARM.attributes
                0x00000000000000fe       0x2d spy/system_stm32l1xx.o
 .ARM.attributes
                0x000000000000012b       0x2d spy/startup_stm32l1xx.o
 .ARM.attributes
                0x0000000000000158       0x2d spy/qep_hsm.o
 .ARM.attributes
                0x0000000000000185       0x2d spy/qf_act.o
 .ARM.attributes
                0x00000000000001b2       0x2d spy/qf_actq.o
 .ARM.attributes
                0x00000000000001df       0x2d spy/qf_dyn.o
 .ARM.attributes
                0x000000000000020c       0x2d spy/qf_mem.o
 .ARM.attributes
                0x0000000000000239       0x2d spy/qf_ps.o
 .ARM.attributes
                0x0000000000000266       0x2d spy/qf_qact.o
 .ARM.attributes
                0x0000000000000293       0x2d spy/qf_qeq.o
 .ARM.attributes
                0x00000000000002c0       0x2d spy/qf_time.o
 .ARM.attributes
                0x00000000000002ed       0x2d spy/qv.o
 .ARM.attributes
                0x000000000000031a       0x2d spy/qv_port.o
 .ARM.attributes
                0x0000000000000347       0x2d spy/qs.o
 .ARM.attributes
                0x0000000000000374       0x2d spy/qs_rx.o
 .ARM.attributes
                0x00000000000003a1       0x33 spy/qstamp.o
 .ARM.attributes
                0x00000000000003d4       0x1d /Applications/ARM/bin/../lib/gcc/arm-none-eabi/10.3.1/thumb/v7-m/nofp/crtn.o

.comment        0x0000000000000000       0x49
 .comment       0x0000000000000000       0x49 spy/bsp.o
                                         0x4a (size before relaxing)
 .comment       0x0000000000000049       0x4a spy/main.o
 .comment       0x0000000000000049       0x4a spy/philo.o
 .comment       0x0000000000000049       0x4a spy/table.o
 .comment       0x0000000000000049       0x4a spy/system_stm32l1xx.o
 .comment       0x0000000000000049       0x4a spy/startup_stm32l1xx.o
 .comment       0x0000000000000049       0x4a spy/qep_hsm.o
 .comment       0x0000000000000049       0x4a spy/qf_act.o
 .comment       0x0000000000000049       0x4a spy/qf_actq.o
 .comment       0x0000000000000049       0x4a spy/qf_dyn.o
 .comment       0x0000000000000049       0x4a spy/qf_mem.o
 .comment       0x0000000000000049       0x4a spy/qf_ps.o
 .comment       0x0000000000000049       0x4a spy/qf_qact.o
 .comment       0x0000000000000049       0x4a spy/qf_qeq.o
 .comment       0x0000000000000049       0x4a spy/qf_time.o
 .comment       0x0000000000000049       0x4a spy/qv.o
 .comment       0x0000000000000049       0x4a spy/qv_port.o
 .comment       0x0000000000000049       0x4a spy/qs.o
 .comment       0x0000000000000049       0x4a spy/qs_rx.o
 .comment       0x0000000000000049       0x4a spy/qstamp.o

.debug_info     0x0000000000000000    0x10877
 .debug_info    0x0000000000000000     0x1aad spy/bsp.o
 .debug_info    0x0000000000001aad      0xc7f spy/main.o
 .debug_info    0x000000000000272c     0x105b spy/philo.o
 .debug_info    0x0000000000003787     0x10e3 spy/table.o
 .debug_info    0x000000000000486a      0x43b spy/system_stm32l1xx.o
 .debug_info    0x0000000000004ca5      0x25f spy/startup_stm32l1xx.o
 .debug_info    0x0000000000004f04     0x1673 spy/qep_hsm.o
 .debug_info    0x0000000000006577      0x8f8 spy/qf_act.o
 .debug_info    0x0000000000006e6f     0x11e9 spy/qf_actq.o
 .debug_info    0x0000000000008058      0xbb7 spy/qf_dyn.o
 .debug_info    0x0000000000008c0f      0x9c0 spy/qf_mem.o
 .debug_info    0x00000000000095cf      0xeae spy/qf_ps.o
 .debug_info    0x000000000000a47d      0x5f2 spy/qf_qact.o
 .debug_info    0x000000000000aa6f      0xaae spy/qf_qeq.o
 .debug_info    0x000000000000b51d     0x113b spy/qf_time.o
 .debug_info    0x000000000000c658      0xdf9 spy/qv.o
 .debug_info    0x000000000000d451       0xc5 spy/qv_port.o
 .debug_info    0x000000000000d516     0x18e5 spy/qs.o
 .debug_info    0x000000000000edfb     0x19ed spy/qs_rx.o
 .debug_info    0x00000000000107e8       0x8f spy/qstamp.o

.debug_abbrev   0x0000000000000000     0x346a
 .debug_abbrev  0x0000000000000000      0x550 spy/bsp.o
 .debug_abbrev  0x0000000000000550      0x251 spy/main.o
 .debug_abbrev  0x00000000000007a1      0x2c9 spy/philo.o
 .debug_abbrev  0x0000000000000a6a      0x2d8 spy/table.o
 .debug_abbrev  0x0000000000000d42      0x12c spy/system_stm32l1xx.o
 .debug_abbrev  0x0000000000000e6e      0x16d spy/startup_stm32l1xx.o
 .debug_abbrev  0x0000000000000fdb      0x403 spy/qep_hsm.o
 .debug_abbrev  0x00000000000013de      0x24d spy/qf_act.o
 .debug_abbrev  0x000000000000162b      0x387 spy/qf_actq.o
 .debug_abbrev  0x00000000000019b2      0x2c9 spy/qf_dyn.o
 .debug_abbrev  0x0000000000001c7b      0x285 spy/qf_mem.o
 .debug_abbrev  0x0000000000001f00      0x2fc spy/qf_ps.o
 .debug_abbrev  0x00000000000021fc      0x1e0 spy/qf_qact.o
 .debug_abbrev  0x00000000000023dc      0x2a2 spy/qf_qeq.o
 .debug_abbrev  0x000000000000267e      0x367 spy/qf_time.o
 .debug_abbrev  0x00000000000029e5      0x2c0 spy/qv.o
 .debug_abbrev  0x0000000000002ca5       0x67 spy/qv_port.o
 .debug_abbrev  0x0000000000002d0c      0x342 spy/qs.o
 .debug_abbrev  0x000000000000304e      0x3c6 spy/qs_rx.o
 .debug_abbrev  0x0000000000003414       0x56 spy/qstamp.o

.debug_loc      0x0000000000000000     0x623d
 .debug_loc     0x0000000000000000      0x277 spy/bsp.o
 .debug_loc     0x0000000000000277       0x41 spy/main.o
 .debug_loc     0x00000000000002b8      0x4e6 spy/philo.o
 .debug_loc     0x000000000000079e      0x8a4 spy/table.o
 .debug_loc     0x0000000000001042      0x1ad spy/system_stm32l1xx.o
 .debug_loc     0x00000000000011ef       0xd5 spy/startup_stm32l1xx.o
 .debug_loc     0x00000000000012c4      0xad0 spy/qep_hsm.o
 .debug_loc     0x0000000000001d94       0xec spy/qf_act.o
 .debug_loc     0x0000000000001e80      0x70e spy/qf_actq.o
 .debug_loc     0x000000000000258e      0x4c9 spy/qf_dyn.o
 .debug_loc     0x0000000000002a57      0x548 spy/qf_mem.o
 .debug_loc     0x0000000000002f9f      0x3e6 spy/qf_ps.o
 .debug_loc     0x0000000000003385       0x64 spy/qf_qact.o
 .debug_loc     0x00000000000033e9      0x4d8 spy/qf_qeq.o
 .debug_loc     0x00000000000038c1      0x5d4 spy/qf_time.o
 .debug_loc     0x0000000000003e95      0x26a spy/qv.o
 .debug_loc     0x00000000000040ff       0x1e spy/qv_port.o
 .debug_loc     0x000000000000411d     0x1929 spy/qs.o
 .debug_loc     0x0000000000005a46      0x7f7 spy/qs_rx.o

.debug_aranges  0x0000000000000000      0x5f0
 .debug_aranges
                0x0000000000000000       0xb0 spy/bsp.o
 .debug_aranges
                0x00000000000000b0       0x20 spy/main.o
 .debug_aranges
                0x00000000000000d0       0x40 spy/philo.o
 .debug_aranges
                0x0000000000000110       0x40 spy/table.o
 .debug_aranges
                0x0000000000000150       0x28 spy/system_stm32l1xx.o
 .debug_aranges
                0x0000000000000178       0x58 spy/startup_stm32l1xx.o
 .debug_aranges
                0x00000000000001d0       0x50 spy/qep_hsm.o
 .debug_aranges
                0x0000000000000220       0x30 spy/qf_act.o
 .debug_aranges
                0x0000000000000250       0x60 spy/qf_actq.o
 .debug_aranges
                0x00000000000002b0       0x48 spy/qf_dyn.o
 .debug_aranges
                0x00000000000002f8       0x38 spy/qf_mem.o
 .debug_aranges
                0x0000000000000330       0x40 spy/qf_ps.o
 .debug_aranges
                0x0000000000000370       0x20 spy/qf_qact.o
 .debug_aranges
                0x0000000000000390       0x38 spy/qf_qeq.o
 .debug_aranges
                0x00000000000003c8       0x58 spy/qf_time.o
 .debug_aranges
                0x0000000000000420       0x38 spy/qv.o
 .debug_aranges
                0x0000000000000458       0x20 spy/qv_port.o
 .debug_aranges
                0x0000000000000478       0xf8 spy/qs.o
 .debug_aranges
                0x0000000000000570       0x68 spy/qs_rx.o
 .debug_aranges
                0x00000000000005d8       0x18 spy/qstamp.o

.debug_ranges   0x0000000000000000      0x660
 .debug_ranges  0x0000000000000000       0xb8 spy/bsp.o
 .debug_ranges  0x00000000000000b8       0x10 spy/main.o
 .debug_ranges  0x00000000000000c8       0x30 spy/philo.o
 .debug_ranges  0x00000000000000f8       0x68 spy/table.o
 .debug_ranges  0x0000000000000160       0x18 spy/system_stm32l1xx.o
 .debug_ranges  0x0000000000000178       0x48 spy/startup_stm32l1xx.o
 .debug_ranges  0x00000000000001c0       0xa8 spy/qep_hsm.o
 .debug_ranges  0x0000000000000268       0x20 spy/qf_act.o
 .debug_ranges  0x0000000000000288       0x50 spy/qf_actq.o
 .debug_ranges  0x00000000000002d8       0x50 spy/qf_dyn.o
 .debug_ranges  0x0000000000000328       0x28 spy/qf_mem.o
 .debug_ranges  0x0000000000000350       0x48 spy/qf_ps.o
 .debug_ranges  0x0000000000000398       0x10 spy/qf_qact.o
 .debug_ranges  0x00000000000003a8       0x40 spy/qf_qeq.o
 .debug_ranges  0x00000000000003e8       0x80 spy/qf_time.o
 .debug_ranges  0x0000000000000468       0x48 spy/qv.o
 .debug_ranges  0x00000000000004b0       0x10 spy/qv_port.o
 .debug_ranges  0x00000000000004c0       0xe8 spy/qs.o
 .debug_ranges  0x00000000000005a8       0xb8 spy/qs_rx.o

.debug_line     0x0000000000000000     0x6a1b
 .debug_line    0x0000000000000000      0x72e spy/bsp.o
 .debug_line    0x000000000000072e      0x1da spy/main.o
 .debug_line    0x0000000000000908      0x376 spy/philo.o
 .debug_line    0x0000000000000c7e      0x5fc spy/table.o
 .debug_line    0x000000000000127a      0x26d spy/system_stm32l1xx.o
 .debug_line    0x00000000000014e7      0x1b3 spy/startup_stm32l1xx.o
 .debug_line    0x000000000000169a      0xb56 spy/qep_hsm.o
 .debug_line    0x00000000000021f0      0x235 spy/qf_act.o
 .debug_line    0x0000000000002425      0x66c spy/qf_actq.o
 .debug_line    0x0000000000002a91      0x4a8 spy/qf_dyn.o
 .debug_line    0x0000000000002f39      0x481 spy/qf_mem.o
 .debug_line    0x00000000000033ba      0x411 spy/qf_ps.o
 .debug_line    0x00000000000037cb      0x15e spy/qf_qact.o
 .debug_line    0x0000000000003929      0x509 spy/qf_qeq.o
 .debug_line    0x0000000000003e32      0x6b4 spy/qf_time.o
 .debug_line    0x00000000000044e6      0x34d spy/qv.o
 .debug_line    0x0000000000004833      0x13b spy/qv_port.o
 .debug_line    0x000000000000496e     0x14b5 spy/qs.o
 .debug_line    0x0000000000005e23      0xba4 spy/qs_rx.o
 .debug_line    0x00000000000069c7       0x54 spy/qstamp.o

.debug_str      0x0000000000000000     0x25ce
 .debug_str     0x0000000000000000     0x1419 spy/bsp.o
                                       0x14c1 (size before relaxing)
 .debug_str     0x0000000000001419       0xb8 spy/main.o
                                        0xba3 (size before relaxing)
 .debug_str     0x00000000000014d1      0x1c3 spy/philo.o
                                        0xcd5 (size before relaxing)
 .debug_str     0x0000000000001694       0x5d spy/table.o
                                        0xc6f (size before relaxing)
 .debug_str     0x00000000000016f1       0x88 spy/system_stm32l1xx.o
                                        0x2e3 (size before relaxing)
 .debug_str     0x0000000000001779      0x147 spy/startup_stm32l1xx.o
                                        0x243 (size before relaxing)
 .debug_str     0x00000000000018c0      0x11b spy/qep_hsm.o
                                        0xc6b (size before relaxing)
 .debug_str     0x00000000000019db       0x4e spy/qf_act.o
                                        0xa63 (size before relaxing)
 .debug_str     0x0000000000001a29      0x110 spy/qf_actq.o
                                        0xc38 (size before relaxing)
 .debug_str     0x0000000000001b39       0xfa spy/qf_dyn.o
                                        0xabe (size before relaxing)
 .debug_str     0x0000000000001c33       0x57 spy/qf_mem.o
                                        0xa6e (size before relaxing)
 .debug_str     0x0000000000001c8a       0x86 spy/qf_ps.o
                                        0xc17 (size before relaxing)
 .debug_str     0x0000000000001d10       0x28 spy/qf_qact.o
                                        0x36d (size before relaxing)
 .debug_str     0x0000000000001d38       0x68 spy/qf_qeq.o
                                        0xa45 (size before relaxing)
 .debug_str     0x0000000000001da0       0x94 spy/qf_time.o
                                        0xc30 (size before relaxing)
 .debug_str     0x0000000000001e34       0x57 spy/qv.o
                                        0xc29 (size before relaxing)
 .debug_str     0x0000000000001e8b       0x35 spy/qv_port.o
                                        0x1b5 (size before relaxing)
 .debug_str     0x0000000000001ec0      0x178 spy/qs.o
                                        0xd44 (size before relaxing)
 .debug_str     0x0000000000002038      0x56e spy/qs_rx.o
                                       0x11a6 (size before relaxing)
 .debug_str     0x00000000000025a6       0x28 spy/qstamp.o
                                        0x11c (size before relaxing)

.debug_frame    0x0000000000000000      0xe2c
 .debug_frame   0x0000000000000000      0x194 spy/bsp.o
 .debug_frame   0x0000000000000194       0x40 spy/main.o
 .debug_frame   0x00000000000001d4       0x98 spy/philo.o
 .debug_frame   0x000000000000026c       0xa0 spy/table.o
 .debug_frame   0x000000000000030c       0x30 spy/system_stm32l1xx.o
 .debug_frame   0x000000000000033c       0x90 spy/startup_stm32l1xx.o
 .debug_frame   0x00000000000003cc       0xdc spy/qep_hsm.o
 .debug_frame   0x00000000000004a8       0x50 spy/qf_act.o
 .debug_frame   0x00000000000004f8      0x100 spy/qf_actq.o
 .debug_frame   0x00000000000005f8       0xb0 spy/qf_dyn.o
 .debug_frame   0x00000000000006a8       0x74 spy/qf_mem.o
 .debug_frame   0x000000000000071c       0xac spy/qf_ps.o
 .debug_frame   0x00000000000007c8       0x2c spy/qf_qact.o
 .debug_frame   0x00000000000007f4       0x78 spy/qf_qeq.o
 .debug_frame   0x000000000000086c       0xd0 spy/qf_time.o
 .debug_frame   0x000000000000093c       0x80 spy/qv.o
 .debug_frame   0x00000000000009bc       0x20 spy/qv_port.o
 .debug_frame   0x00000000000009dc      0x354 spy/qs.o
 .debug_frame   0x0000000000000d30       0xfc spy/qs_rx.o

Cross Reference Table

Symbol                                            File
ADC1_IRQHandler                                   spy/startup_stm32l1xx.o
AES_IRQHandler                                    spy/startup_stm32l1xx.o
AHBPrescTable                                     spy/system_stm32l1xx.o
AO_Philo                                          spy/philo.o
                                                  spy/main.o
                                                  spy/bsp.o
AO_Table                                          spy/table.o
                                                  spy/philo.o
                                                  spy/main.o
BSP_displayPaused                                 spy/bsp.o
                                                  spy/table.o
BSP_displayPhilStat                               spy/bsp.o
                                                  spy/table.o
BSP_init                                          spy/bsp.o
                                                  spy/main.o
BSP_random                                        spy/bsp.o
                                                  spy/philo.o
BSP_randomSeed                                    spy/bsp.o
BSP_terminate                                     spy/bsp.o
BusFault_Handler                                  spy/startup_stm32l1xx.o
COMP_ACQ_IRQHandler                               spy/startup_stm32l1xx.o
COMP_IRQHandler                                   spy/startup_stm32l1xx.o
DAC_IRQHandler                                    spy/startup_stm32l1xx.o
DMA1_Channel1_IRQHandler                          spy/startup_stm32l1xx.o
DMA1_Channel2_IRQHandler                          spy/startup_stm32l1xx.o
DMA1_Channel3_IRQHandler                          spy/startup_stm32l1xx.o
DMA1_Channel4_IRQHandler                          spy/startup_stm32l1xx.o
DMA1_Channel5_IRQHandler                          spy/startup_stm32l1xx.o
DMA1_Channel6_IRQHandler                          spy/startup_stm32l1xx.o
DMA1_Channel7_IRQHandler                          spy/startup_stm32l1xx.o
DMA2_Channel1_IRQHandler                          spy/startup_stm32l1xx.o
DMA2_Channel2_IRQHandler                          spy/startup_stm32l1xx.o
DMA2_Channel3_IRQHandler                          spy/startup_stm32l1xx.o
DMA2_Channel4_IRQHandler                          spy/startup_stm32l1xx.o
DMA2_Channel5_IRQHandler                          spy/startup_stm32l1xx.o
DebugMon_Handler                                  spy/startup_stm32l1xx.o
Default_Handler                                   spy/startup_stm32l1xx.o
EXTI0_IRQHandler                                  spy/startup_stm32l1xx.o
EXTI15_10_IRQHandler                              spy/startup_stm32l1xx.o
EXTI1_IRQHandler                                  spy/startup_stm32l1xx.o
EXTI2_IRQHandler                                  spy/startup_stm32l1xx.o
EXTI3_IRQHandler                                  spy/startup_stm32l1xx.o
EXTI4_IRQHandler                                  spy/startup_stm32l1xx.o
EXTI9_5_IRQHandler                                spy/startup_stm32l1xx.o
FLASH_IRQHandler                                  spy/startup_stm32l1xx.o
HardFault_Handler                                 spy/startup_stm32l1xx.o
I2C1_ER_IRQHandler                                spy/startup_stm32l1xx.o
I2C1_EV_IRQHandler                                spy/startup_stm32l1xx.o
I2C2_ER_IRQHandler                                spy/startup_stm32l1xx.o
I2C2_EV_IRQHandler                                spy/startup_stm32l1xx.o
LCD_IRQHandler                                    spy/startup_stm32l1xx.o
MemManage_Handler                                 spy/startup_stm32l1xx.o
NMI_Handler                                       spy/startup_stm32l1xx.o
PLLMulTable                                       spy/system_stm32l1xx.o
PVD_IRQHandler                                    spy/startup_stm32l1xx.o
PendSV_Handler                                    spy/startup_stm32l1xx.o
Philo_ctor                                        spy/philo.o
                                                  spy/main.o
Philo_inst                                        spy/philo.o
QActive_ctor                                      spy/qf_qact.o
                                                  spy/qf_actq.o
                                                  spy/table.o
                                                  spy/philo.o
QActive_defer                                     spy/qf_defer.o
QActive_flushDeferred                             spy/qf_defer.o
QActive_get_                                      spy/qf_actq.o
                                                  spy/qv.o
QActive_postLIFO_                                 spy/qf_actq.o
                                                  spy/qf_qmact.o
                                                  spy/qf_qact.o
QActive_post_                                     spy/qf_actq.o
                                                  spy/qf_qmact.o
                                                  spy/qf_qact.o
QActive_recall                                    spy/qf_defer.o
QActive_start_                                    spy/qv.o
                                                  spy/qf_qmact.o
                                                  spy/qf_qact.o
                                                  spy/qf_actq.o
QActive_subscribe                                 spy/qf_ps.o
                                                  spy/table.o
                                                  spy/philo.o
QActive_unsubscribe                               spy/qf_ps.o
QActive_unsubscribeAll                            spy/qf_ps.o
QEQueue_get                                       spy/qf_qeq.o
                                                  spy/qf_defer.o
QEQueue_init                                      spy/qf_qeq.o
                                                  spy/qv.o
QEQueue_post                                      spy/qf_qeq.o
                                                  spy/qf_defer.o
QEQueue_postLIFO                                  spy/qf_qeq.o
QF_QS_CRIT_ENTRY                                  spy/qs.o
QF_QS_CRIT_EXIT                                   spy/qs.o
QF_QS_ISR_ENTRY                                   spy/qs.o
QF_QS_ISR_EXIT                                    spy/qs.o
QF_active_                                        spy/qf_act.o
                                                  spy/qs_rx.o
                                                  spy/qv.o
                                                  spy/qf_ps.o
                                                  spy/qf_actq.o
QF_add_                                           spy/qf_act.o
                                                  spy/qv.o
QF_bzero                                          spy/qf_act.o
                                                  spy/qv.o
                                                  spy/qf_qmact.o
                                                  spy/qf_qact.o
                                                  spy/qf_ps.o
QF_deleteRef_                                     spy/qf_dyn.o
QF_gc                                             spy/qf_dyn.o
                                                  spy/qs_rx.o
                                                  spy/qv.o
                                                  spy/qf_ps.o
                                                  spy/qf_defer.o
                                                  spy/qf_actq.o
QF_getPoolMin                                     spy/qf_mem.o
QF_getQueueMin                                    spy/qf_actq.o
QF_init                                           spy/qv.o
                                                  spy/main.o
QF_maxPool_                                       spy/qf_dyn.o
                                                  spy/qv.o
                                                  spy/qf_mem.o
QF_maxPubSignal_                                  spy/qf_ps.o
                                                  spy/qv.o
QF_newRef_                                        spy/qf_dyn.o
QF_newX_                                          spy/qf_dyn.o
                                                  spy/qs_rx.o
                                                  spy/table.o
                                                  spy/philo.o
QF_noTimeEvtsActiveX                              spy/qf_time.o
QF_onCleanup                                      spy/bsp.o
                                                  spy/qv.o
QF_onStartup                                      spy/bsp.o
                                                  spy/qv.o
QF_poolGetMaxBlockSize                            spy/qf_dyn.o
                                                  spy/qs_rx.o
QF_poolInit                                       spy/qf_dyn.o
                                                  spy/main.o
QF_pool_                                          spy/qf_dyn.o
                                                  spy/qf_mem.o
QF_psInit                                         spy/qf_ps.o
                                                  spy/main.o
QF_publish_                                       spy/qf_ps.o
                                                  spy/qs_rx.o
                                                  spy/table.o
                                                  spy/philo.o
                                                  spy/bsp.o
QF_remove_                                        spy/qf_act.o
QF_run                                            spy/qv.o
                                                  spy/main.o
QF_stop                                           spy/qv.o
QF_subscrList_                                    spy/qf_ps.o
                                                  spy/qv.o
QF_tickX_                                         spy/qf_time.o
                                                  spy/qs_rx.o
                                                  spy/qf_actq.o
                                                  spy/bsp.o
QF_timeEvtHead_                                   spy/qf_time.o
                                                  spy/qv.o
QHsm_childState_                                  spy/qep_hsm.o
QHsm_ctor                                         spy/qep_hsm.o
                                                  spy/qf_qact.o
QHsm_dispatch_                                    spy/qep_hsm.o
                                                  spy/qf_qact.o
QHsm_getStateHandler_                             spy/qep_hsm.o
                                                  spy/qf_qact.o
                                                  spy/qf_actq.o
QHsm_init_                                        spy/qep_hsm.o
                                                  spy/qf_qact.o
QHsm_isIn                                         spy/qep_hsm.o
QHsm_top                                          spy/qep_hsm.o
                                                  spy/table.o
                                                  spy/philo.o
QMActive_ctor                                     spy/qf_qmact.o
QMPool_get                                        spy/qf_mem.o
                                                  spy/qf_dyn.o
QMPool_init                                       spy/qf_mem.o
                                                  spy/qf_dyn.o
QMPool_put                                        spy/qf_mem.o
                                                  spy/qf_dyn.o
QMsm_childStateObj_                               spy/qep_msm.o
QMsm_ctor                                         spy/qep_msm.o
                                                  spy/qf_qmact.o
QMsm_dispatch_                                    spy/qep_msm.o
                                                  spy/qf_qmact.o
QMsm_getStateHandler_                             spy/qep_msm.o
                                                  spy/qf_qmact.o
QMsm_init_                                        spy/qep_msm.o
                                                  spy/qf_qmact.o
QMsm_isInState                                    spy/qep_msm.o
QP_versionStr                                     spy/qep_hsm.o
QS_2u8_raw_                                       spy/qs.o
                                                  spy/qv.o
                                                  spy/qf_time.o
                                                  spy/qf_qeq.o
                                                  spy/qf_ps.o
                                                  spy/qf_dyn.o
                                                  spy/qf_defer.o
                                                  spy/qf_actq.o
QS_ASSERTION                                      spy/qs.o
                                                  spy/bsp.o
QS_RX_PUT                                         spy/qs_rx.o
                                                  spy/bsp.o
QS_beginRec_                                      spy/qs.o
                                                  spy/qs_rx.o
                                                  spy/qv.o
                                                  spy/qf_time.o
                                                  spy/qf_qeq.o
                                                  spy/qf_ps.o
                                                  spy/qf_mem.o
                                                  spy/qf_dyn.o
                                                  spy/qf_defer.o
                                                  spy/qf_actq.o
                                                  spy/qep_msm.o
                                                  spy/qep_hsm.o
                                                  spy/bsp.o
QS_endRec_                                        spy/qs.o
                                                  spy/qs_rx.o
                                                  spy/qv.o
                                                  spy/qf_time.o
                                                  spy/qf_qeq.o
                                                  spy/qf_ps.o
                                                  spy/qf_mem.o
                                                  spy/qf_dyn.o
                                                  spy/qf_defer.o
                                                  spy/qf_actq.o
                                                  spy/qep_msm.o
                                                  spy/qep_hsm.o
                                                  spy/bsp.o
QS_f32_fmt_                                       spy/qs_fp.o
QS_f64_fmt_                                       spy/qs_fp.o
QS_fun_dict_pre_                                  spy/qs.o
                                                  spy/table.o
                                                  spy/philo.o
QS_getBlock                                       spy/qs.o
QS_getByte                                        spy/qs.o
                                                  spy/bsp.o
QS_glbFilter_                                     spy/qs.o
                                                  spy/bsp.o
QS_initBuf                                        spy/qs.o
                                                  spy/bsp.o
QS_locFilter_                                     spy/qs.o
                                                  spy/qs_rx.o
QS_mem_fmt_                                       spy/qs.o
QS_obj_dict_pre_                                  spy/qs.o
                                                  spy/qf_dyn.o
                                                  spy/table.o
                                                  spy/philo.o
                                                  spy/main.o
                                                  spy/bsp.o
QS_obj_raw_                                       spy/qs.o
                                                  spy/qs_rx.o
                                                  spy/qf_time.o
                                                  spy/qf_qeq.o
                                                  spy/qf_ps.o
                                                  spy/qf_mem.o
                                                  spy/qf_defer.o
                                                  spy/qf_actq.o
                                                  spy/qep_msm.o
                                                  spy/qep_hsm.o
QS_onCleanup                                      spy/bsp.o
                                                  spy/qs.o
QS_onCommand                                      spy/bsp.o
                                                  spy/qs_rx.o
QS_onFlush                                        spy/bsp.o
                                                  spy/qs.o
                                                  spy/qv.o
QS_onGetTime                                      spy/bsp.o
                                                  spy/qs_rx.o
                                                  spy/qs.o
                                                  spy/qv.o
                                                  spy/qf_time.o
                                                  spy/qf_qeq.o
                                                  spy/qf_ps.o
                                                  spy/qf_mem.o
                                                  spy/qf_dyn.o
                                                  spy/qf_defer.o
                                                  spy/qf_actq.o
                                                  spy/qep_msm.o
                                                  spy/qep_hsm.o
QS_onReset                                        spy/bsp.o
                                                  spy/qs_rx.o
QS_onStartup                                      spy/bsp.o
QS_priv_                                          spy/qs.o
                                                  spy/qs_fp.o
                                                  spy/qs_rx.o
                                                  spy/qv.o
                                                  spy/qf_time.o
                                                  spy/qf_qeq.o
                                                  spy/qf_ps.o
                                                  spy/qf_mem.o
                                                  spy/qf_dyn.o
                                                  spy/qf_defer.o
                                                  spy/qf_actq.o
                                                  spy/qep_msm.o
                                                  spy/qep_hsm.o
                                                  spy/bsp.o
QS_queryCurrObj                                   spy/qs_rx.o
QS_rxGetNfree                                     spy/qs_rx.o
QS_rxInitBuf                                      spy/qs_rx.o
                                                  spy/bsp.o
QS_rxParse                                        spy/qs_rx.o
                                                  spy/bsp.o
QS_rxPriv_                                        spy/qs_rx.o
QS_setCurrObj                                     spy/qs_rx.o
QS_sig_dict_pre_                                  spy/qs.o
                                                  spy/table.o
                                                  spy/philo.o
QS_str_fmt_                                       spy/qs.o
                                                  spy/bsp.o
QS_str_raw_                                       spy/qs.o
                                                  spy/qs_rx.o
QS_target_info_pre_                               spy/qs.o
                                                  spy/qs_rx.o
QS_tickPeriod_                                    spy/bsp.o
QS_tickTime_                                      spy/bsp.o
QS_u16_fmt_                                       spy/qs.o
QS_u16_raw_                                       spy/qs.o
                                                  spy/qs_rx.o
                                                  spy/qf_time.o
                                                  spy/qf_qeq.o
                                                  spy/qf_ps.o
                                                  spy/qf_mem.o
                                                  spy/qf_dyn.o
                                                  spy/qf_defer.o
                                                  spy/qf_actq.o
                                                  spy/qep_msm.o
                                                  spy/qep_hsm.o
QS_u32_fmt_                                       spy/qs.o
QS_u32_raw_                                       spy/qs.o
                                                  spy/qs_rx.o
                                                  spy/qv.o
                                                  spy/qf_time.o
                                                  spy/qf_qeq.o
                                                  spy/qf_ps.o
                                                  spy/qf_mem.o
                                                  spy/qf_dyn.o
                                                  spy/qf_defer.o
                                                  spy/qf_actq.o
                                                  spy/qep_msm.o
                                                  spy/qep_hsm.o
                                                  spy/bsp.o
QS_u8_fmt_                                        spy/qs.o
                                                  spy/bsp.o
QS_u8_raw_                                        spy/qs.o
                                                  spy/qs_rx.o
                                                  spy/qv.o
                                                  spy/qf_time.o
                                                  spy/qf_qeq.o
                                                  spy/qf_actq.o
QS_usr_dict_pre_                                  spy/qs.o
                                                  spy/bsp.o
QTicker_ctor                                      spy/qf_actq.o
QTimeEvt_armX                                     spy/qf_time.o
                                                  spy/philo.o
QTimeEvt_ctorX                                    spy/qf_time.o
                                                  spy/philo.o
QTimeEvt_currCtr                                  spy/qf_time.o
QTimeEvt_disarm                                   spy/qf_time.o
                                                  spy/philo.o
QTimeEvt_rearm                                    spy/qf_time.o
QTimeEvt_wasDisarmed                              spy/qf_time.o
QV_init                                           spy/qv_port.o
                                                  spy/qv.o
QV_onIdle                                         spy/bsp.o
                                                  spy/qv.o
QV_readySet_                                      spy/qv.o
                                                  spy/qf_actq.o
Q_BUILD_DATE                                      spy/qstamp.o
                                                  spy/qs.o
Q_BUILD_TIME                                      spy/qstamp.o
                                                  spy/qs.o
Q_onAssert                                        spy/bsp.o
                                                  spy/qs_rx.o
                                                  spy/qs.o
                                                  spy/qv.o
                                                  spy/qf_time.o
                                                  spy/qf_qeq.o
                                                  spy/qf_ps.o
                                                  spy/qf_mem.o
                                                  spy/qf_dyn.o
                                                  spy/qf_defer.o
                                                  spy/qf_actq.o
                                                  spy/qf_act.o
                                                  spy/qep_msm.o
                                                  spy/qep_hsm.o
                                                  spy/startup_stm32l1xx.o
                                                  spy/table.o
                                                  spy/philo.o
                                                  spy/main.o
RCC_IRQHandler                                    spy/startup_stm32l1xx.o
RTC_Alarm_IRQHandler                              spy/startup_stm32l1xx.o
RTC_WKUP_IRQHandler                               spy/startup_stm32l1xx.o
Reset_Handler                                     spy/startup_stm32l1xx.o
SDIO_IRQHandler                                   spy/startup_stm32l1xx.o
SPI1_IRQHandler                                   spy/startup_stm32l1xx.o
SPI2_IRQHandler                                   spy/startup_stm32l1xx.o
SPI3_IRQHandler                                   spy/startup_stm32l1xx.o
SVC_Handler                                       spy/startup_stm32l1xx.o
SysTick_Handler                                   spy/bsp.o
SystemCoreClock                                   spy/system_stm32l1xx.o
                                                  spy/bsp.o
SystemCoreClockUpdate                             spy/system_stm32l1xx.o
                                                  spy/bsp.o
SystemInit                                        spy/system_stm32l1xx.o
                                                  spy/startup_stm32l1xx.o
TAMPER_STAMP_IRQHandler                           spy/startup_stm32l1xx.o
TIM10_IRQHandler                                  spy/startup_stm32l1xx.o
TIM11_IRQHandler                                  spy/startup_stm32l1xx.o
TIM2_IRQHandler                                   spy/startup_stm32l1xx.o
TIM3_IRQHandler                                   spy/startup_stm32l1xx.o
TIM4_IRQHandler                                   spy/startup_stm32l1xx.o
TIM5_IRQHandler                                   spy/startup_stm32l1xx.o
TIM6_IRQHandler                                   spy/startup_stm32l1xx.o
TIM7_IRQHandler                                   spy/startup_stm32l1xx.o
TIM9_IRQHandler                                   spy/startup_stm32l1xx.o
Table_ctor                                        spy/table.o
                                                  spy/main.o
Table_inst                                        spy/table.o
UART4_IRQHandler                                  spy/startup_stm32l1xx.o
UART5_IRQHandler                                  spy/startup_stm32l1xx.o
USART1_IRQHandler                                 spy/startup_stm32l1xx.o
USART2_IRQHandler                                 spy/bsp.o
USART3_IRQHandler                                 spy/startup_stm32l1xx.o
USB_FS_WKUP_IRQHandler                            spy/startup_stm32l1xx.o
USB_HP_IRQHandler                                 spy/startup_stm32l1xx.o
USB_LP_IRQHandler                                 spy/startup_stm32l1xx.o
UsageFault_Handler                                spy/startup_stm32l1xx.o
WWDG_IRQHandler                                   spy/startup_stm32l1xx.o
__bss_end__                                       spy/startup_stm32l1xx.o
                                                  /Applications/ARM/bin/../lib/gcc/arm-none-eabi/10.3.1/../../../../arm-none-eabi/lib/thumb/v7-m/nofp/crt0.o
__bss_start__                                     spy/startup_stm32l1xx.o
                                                  /Applications/ARM/bin/../lib/gcc/arm-none-eabi/10.3.1/../../../../arm-none-eabi/lib/thumb/v7-m/nofp/crt0.o
__call_exitprocs                                  /Applications/ARM/bin/../lib/gcc/arm-none-eabi/10.3.1/../../../../arm-none-eabi/lib/thumb/v7-m/nofp/libc_nano.a(lib_a-exit.o)
__data_end__                                      spy/startup_stm32l1xx.o
__data_load                                       spy/startup_stm32l1xx.o
__data_start                                      spy/startup_stm32l1xx.o
__deregister_frame_info                           /Applications/ARM/bin/../lib/gcc/arm-none-eabi/10.3.1/thumb/v7-m/nofp/crtbegin.o
__dso_handle                                      /Applications/ARM/bin/../lib/gcc/arm-none-eabi/10.3.1/thumb/v7-m/nofp/crtbegin.o
__init_array_end                                  /Applications/ARM/bin/../lib/gcc/arm-none-eabi/10.3.1/../../../../arm-none-eabi/lib/thumb/v7-m/nofp/libc_nano.a(lib_a-init.o)
__init_array_start                                /Applications/ARM/bin/../lib/gcc/arm-none-eabi/10.3.1/../../../../arm-none-eabi/lib/thumb/v7-m/nofp/libc_nano.a(lib_a-init.o)
__libc_fini_array                                 /Applications/ARM/bin/../lib/gcc/arm-none-eabi/10.3.1/../../../../arm-none-eabi/lib/thumb/v7-m/nofp/crt0.o
__libc_init_array                                 /Applications/ARM/bin/../lib/gcc/arm-none-eabi/10.3.1/../../../../arm-none-eabi/lib/thumb/v7-m/nofp/libc_nano.a(lib_a-init.o)
                                                  /Applications/ARM/bin/../lib/gcc/arm-none-eabi/10.3.1/../../../../arm-none-eabi/lib/thumb/v7-m/nofp/crt0.o
__preinit_array_end                               /Applications/ARM/bin/../lib/gcc/arm-none-eabi/10.3.1/../../../../arm-none-eabi/lib/thumb/v7-m/nofp/libc_nano.a(lib_a-init.o)
__preinit_array_start                             /Applications/ARM/bin/../lib/gcc/arm-none-eabi/10.3.1/../../../../arm-none-eabi/lib/thumb/v7-m/nofp/libc_nano.a(lib_a-init.o)
__register_frame_info                             /Applications/ARM/bin/../lib/gcc/arm-none-eabi/10.3.1/thumb/v7-m/nofp/crtbegin.o
__sf_fake_stderr                                  /Applications/ARM/bin/../lib/gcc/arm-none-eabi/10.3.1/../../../../arm-none-eabi/lib/thumb/v7-m/nofp/libc_nano.a(lib_a-impure.o)
__sf_fake_stdin                                   /Applications/ARM/bin/../lib/gcc/arm-none-eabi/10.3.1/../../../../arm-none-eabi/lib/thumb/v7-m/nofp/libc_nano.a(lib_a-impure.o)
__sf_fake_stdout                                  /Applications/ARM/bin/../lib/gcc/arm-none-eabi/10.3.1/../../../../arm-none-eabi/lib/thumb/v7-m/nofp/libc_nano.a(lib_a-impure.o)
__stack                                           /Applications/ARM/bin/../lib/gcc/arm-none-eabi/10.3.1/../../../../arm-none-eabi/lib/thumb/v7-m/nofp/crt0.o
__stack_end__                                     spy/startup_stm32l1xx.o
_exit                                             /Applications/ARM/bin/../lib/gcc/arm-none-eabi/10.3.1/../../../../arm-none-eabi/lib/thumb/v7-m/nofp/libnosys.a(_exit.o)
                                                  /Applications/ARM/bin/../lib/gcc/arm-none-eabi/10.3.1/../../../../arm-none-eabi/lib/thumb/v7-m/nofp/libc_nano.a(lib_a-exit.o)
_fini                                             /Applications/ARM/bin/../lib/gcc/arm-none-eabi/10.3.1/thumb/v7-m/nofp/crti.o
_global_impure_ptr                                /Applications/ARM/bin/../lib/gcc/arm-none-eabi/10.3.1/../../../../arm-none-eabi/lib/thumb/v7-m/nofp/libc_nano.a(lib_a-impure.o)
                                                  /Applications/ARM/bin/../lib/gcc/arm-none-eabi/10.3.1/../../../../arm-none-eabi/lib/thumb/v7-m/nofp/libc_nano.a(lib_a-exit.o)
_impure_ptr                                       /Applications/ARM/bin/../lib/gcc/arm-none-eabi/10.3.1/../../../../arm-none-eabi/lib/thumb/v7-m/nofp/libc_nano.a(lib_a-impure.o)
_init                                             /Applications/ARM/bin/../lib/gcc/arm-none-eabi/10.3.1/thumb/v7-m/nofp/crti.o
                                                  /Applications/ARM/bin/../lib/gcc/arm-none-eabi/10.3.1/../../../../arm-none-eabi/lib/thumb/v7-m/nofp/libc_nano.a(lib_a-init.o)
_mainCRTStartup                                   /Applications/ARM/bin/../lib/gcc/arm-none-eabi/10.3.1/../../../../arm-none-eabi/lib/thumb/v7-m/nofp/crt0.o
_stack_init                                       /Applications/ARM/bin/../lib/gcc/arm-none-eabi/10.3.1/../../../../arm-none-eabi/lib/thumb/v7-m/nofp/crt0.o
_start                                            /Applications/ARM/bin/../lib/gcc/arm-none-eabi/10.3.1/../../../../arm-none-eabi/lib/thumb/v7-m/nofp/crt0.o
assert_failed                                     spy/startup_stm32l1xx.o
atexit                                            /Applications/ARM/bin/../lib/gcc/arm-none-eabi/10.3.1/../../../../arm-none-eabi/lib/thumb/v7-m/nofp/crt0.o
exit                                              /Applications/ARM/bin/../lib/gcc/arm-none-eabi/10.3.1/../../../../arm-none-eabi/lib/thumb/v7-m/nofp/libc_nano.a(lib_a-exit.o)
                                                  /Applications/ARM/bin/../lib/gcc/arm-none-eabi/10.3.1/../../../../arm-none-eabi/lib/thumb/v7-m/nofp/crt0.o
g_pfnVectors                                      spy/startup_stm32l1xx.o
hardware_init_hook                                /Applications/ARM/bin/../lib/gcc/arm-none-eabi/10.3.1/../../../../arm-none-eabi/lib/thumb/v7-m/nofp/crt0.o
main                                              spy/main.o
                                                  spy/startup_stm32l1xx.o
                                                  /Applications/ARM/bin/../lib/gcc/arm-none-eabi/10.3.1/../../../../arm-none-eabi/lib/thumb/v7-m/nofp/crt0.o
memset                                            /Applications/ARM/bin/../lib/gcc/arm-none-eabi/10.3.1/../../../../arm-none-eabi/lib/thumb/v7-m/nofp/libc_nano.a(lib_a-memset.o)
                                                  /Applications/ARM/bin/../lib/gcc/arm-none-eabi/10.3.1/../../../../arm-none-eabi/lib/thumb/v7-m/nofp/crt0.o
software_init_hook                                spy/startup_stm32l1xx.o
                                                  /Applications/ARM/bin/../lib/gcc/arm-none-eabi/10.3.1/../../../../arm-none-eabi/lib/thumb/v7-m/nofp/crt0.o
